0 verbose cli C:\Program Files\nodejs\node.exe C:\Users\Yisus\AppData\Roaming\npm\node_modules\npm\bin\npm-cli.js
1 info using npm@11.17.0
2 info using node@v26.3.0
3 silly config load:file:C:\Users\Yisus\AppData\Roaming\npm\node_modules\npm\npmrc
4 silly config load:file:C:\Users\Yisus\Desktop\FACTURACION CLIENTES SISTEMA P1\.npmrc
5 silly config load:file:C:\Users\Yisus\.npmrc
6 silly config load:file:C:\Users\Yisus\AppData\Roaming\npm\etc\npmrc
7 verbose title npm install @types/express @types/cors @types/jsonwebtoken @types/node
8 verbose argv "--cache" ".npm-cache" "install" "--save-dev" "@types/express" "@types/cors" "@types/jsonwebtoken" "@types/node"
9 verbose logfile logs-max:10 dir:C:\Users\Yisus\Desktop\FACTURACION CLIENTES SISTEMA P1\.npm-cache\_logs\2026-07-11T05_49_24_433Z-
10 verbose logfile C:\Users\Yisus\Desktop\FACTURACION CLIENTES SISTEMA P1\.npm-cache\_logs\2026-07-11T05_49_24_433Z-debug-0.log
11 silly logfile done cleaning log files
12 silly packumentCache heap:4395630592 maxSize:1098907648 maxEntrySize:549453824
13 silly idealTree buildDeps
14 silly fetch manifest @types/express@*
15 silly packumentCache full:https://registry.npmjs.org/@types%2fexpress cache-miss
16 http fetch GET 200 https://registry.npmjs.org/@types%2fexpress 562ms (cache miss)
17 silly packumentCache full:https://registry.npmjs.org/@types%2fexpress set size:undefined disposed:false
18 silly fetch manifest @types/cors@*
19 silly packumentCache full:https://registry.npmjs.org/@types%2fcors cache-miss
20 http fetch GET 200 https://registry.npmjs.org/@types%2fcors 157ms (cache miss)
21 silly packumentCache full:https://registry.npmjs.org/@types%2fcors set size:undefined disposed:false
22 silly fetch manifest @types/jsonwebtoken@*
23 silly packumentCache full:https://registry.npmjs.org/@types%2fjsonwebtoken cache-miss
24 http fetch GET 200 https://registry.npmjs.org/@types%2fjsonwebtoken 207ms (cache miss)
25 silly packumentCache full:https://registry.npmjs.org/@types%2fjsonwebtoken set size:undefined disposed:false
26 silly fetch manifest @types/node@*
27 silly packumentCache full:https://registry.npmjs.org/@types%2fnode cache-miss
28 http fetch GET 200 https://registry.npmjs.org/@types%2fnode 116ms (cache revalidated)
29 silly packumentCache full:https://registry.npmjs.org/@types%2fnode set size:11080817 disposed:false
30 silly placeDep ROOT @types/cors@2.8.19 OK for: facturacion-clientes@0.0.0 want: *
31 silly placeDep ROOT @types/express@5.0.6 OK for: facturacion-clientes@0.0.0 want: *
32 silly placeDep ROOT @types/jsonwebtoken@9.0.10 OK for: facturacion-clientes@0.0.0 want: *
33 silly placeDep ROOT @types/node@26.1.1 OK for: facturacion-clientes@0.0.0 want: *
34 silly fetch manifest @types/body-parser@*
35 silly packumentCache full:https://registry.npmjs.org/@types%2fbody-parser cache-miss
36 silly fetch manifest @types/serve-static@^2
37 silly packumentCache full:https://registry.npmjs.org/@types%2fserve-static cache-miss
38 silly fetch manifest @types/express-serve-static-core@^5.0.0
39 silly packumentCache full:https://registry.npmjs.org/@types%2fexpress-serve-static-core cache-miss
40 silly fetch manifest @types/ms@*
41 silly packumentCache full:https://registry.npmjs.org/@types%2fms cache-miss
42 silly fetch manifest undici-types@~8.3.0
43 silly packumentCache full:https://registry.npmjs.org/undici-types cache-miss
44 http fetch GET 200 https://registry.npmjs.org/@types%2fbody-parser 188ms (cache miss)
45 silly packumentCache full:https://registry.npmjs.org/@types%2fbody-parser set size:undefined disposed:false
46 http fetch GET 200 https://registry.npmjs.org/undici-types 285ms (cache miss)
47 silly packumentCache full:https://registry.npmjs.org/undici-types set size:undefined disposed:false
48 http fetch GET 200 https://registry.npmjs.org/@types%2fserve-static 393ms (cache miss)
49 silly packumentCache full:https://registry.npmjs.org/@types%2fserve-static set size:undefined disposed:false
50 http fetch GET 200 https://registry.npmjs.org/@types%2fms 393ms (cache miss)
51 silly packumentCache full:https://registry.npmjs.org/@types%2fms set size:undefined disposed:false
52 http fetch GET 200 https://registry.npmjs.org/@types%2fexpress-serve-static-core 895ms (cache miss)
53 silly packumentCache full:https://registry.npmjs.org/@types%2fexpress-serve-static-core set size:undefined disposed:false
54 silly placeDep ROOT @types/body-parser@1.19.6 OK for: @types/express@5.0.6 want: *
55 silly placeDep ROOT @types/express-serve-static-core@5.1.2 OK for: @types/express@5.0.6 want: ^5.0.0
56 silly placeDep ROOT @types/serve-static@2.2.0 OK for: @types/express@5.0.6 want: ^2
57 silly fetch manifest @types/connect@*
58 silly packumentCache full:https://registry.npmjs.org/@types%2fconnect cache-miss
59 silly fetch manifest @types/qs@*
60 silly packumentCache full:https://registry.npmjs.org/@types%2fqs cache-miss
61 silly fetch manifest @types/send@*
62 silly packumentCache full:https://registry.npmjs.org/@types%2fsend cache-miss
63 silly fetch manifest @types/range-parser@*
64 silly packumentCache full:https://registry.npmjs.org/@types%2frange-parser cache-miss
65 silly fetch manifest @types/http-errors@*
66 silly packumentCache full:https://registry.npmjs.org/@types%2fhttp-errors cache-miss
67 http fetch GET 200 https://registry.npmjs.org/@types%2frange-parser 87ms (cache miss)
68 silly packumentCache full:https://registry.npmjs.org/@types%2frange-parser set size:undefined disposed:false
69 http fetch GET 200 https://registry.npmjs.org/@types%2fsend 89ms (cache miss)
70 silly packumentCache full:https://registry.npmjs.org/@types%2fsend set size:undefined disposed:false
71 http fetch GET 200 https://registry.npmjs.org/@types%2fqs 203ms (cache miss)
72 silly packumentCache full:https://registry.npmjs.org/@types%2fqs set size:undefined disposed:false
73 http fetch GET 200 https://registry.npmjs.org/@types%2fconnect 205ms (cache miss)
74 silly packumentCache full:https://registry.npmjs.org/@types%2fconnect set size:undefined disposed:false
75 http fetch GET 200 https://registry.npmjs.org/@types%2fhttp-errors 206ms (cache miss)
76 silly packumentCache full:https://registry.npmjs.org/@types%2fhttp-errors set size:undefined disposed:false
77 silly placeDep ROOT @types/connect@3.4.38 OK for: @types/body-parser@1.19.6 want: *
78 silly placeDep ROOT @types/qs@6.15.1 OK for: @types/express-serve-static-core@5.1.2 want: *
79 silly placeDep ROOT @types/range-parser@1.2.7 OK for: @types/express-serve-static-core@5.1.2 want: *
80 silly placeDep ROOT @types/send@1.2.1 OK for: @types/express-serve-static-core@5.1.2 want: *
81 silly placeDep ROOT @types/ms@2.1.0 OK for: @types/jsonwebtoken@9.0.10 want: *
82 silly placeDep ROOT undici-types@8.3.0 OK for: @types/node@26.1.1 want: ~8.3.0
83 silly placeDep ROOT @types/http-errors@2.0.5 OK for: @types/serve-static@2.2.0 want: *
84 silly reify moves {}
85 silly audit bulk request {
85 silly audit   '@algolia/abtesting': [ '1.18.0' ],
85 silly audit   '@algolia/client-abtesting': [ '5.52.0' ],
85 silly audit   '@algolia/client-analytics': [ '5.52.0' ],
85 silly audit   '@algolia/client-common': [ '5.52.0' ],
85 silly audit   '@algolia/client-insights': [ '5.52.0' ],
85 silly audit   '@algolia/client-personalization': [ '5.52.0' ],
85 silly audit   '@algolia/client-query-suggestions': [ '5.52.0' ],
85 silly audit   '@algolia/client-search': [ '5.52.0' ],
85 silly audit   '@algolia/ingestion': [ '1.52.0' ],
85 silly audit   '@algolia/monitoring': [ '1.52.0' ],
85 silly audit   '@algolia/recommend': [ '5.52.0' ],
85 silly audit   '@algolia/requester-browser-xhr': [ '5.52.0' ],
85 silly audit   '@algolia/requester-fetch': [ '5.52.0' ],
85 silly audit   '@algolia/requester-node-http': [ '5.52.0' ],
85 silly audit   '@alloc/quick-lru': [ '5.2.0' ],
85 silly audit   '@ampproject/remapping': [ '2.3.0' ],
85 silly audit   '@angular-devkit/architect': [ '0.2200.6' ],
85 silly audit   '@angular-devkit/core': [ '22.0.6' ],
85 silly audit   '@angular-devkit/schematics': [ '22.0.6' ],
85 silly audit   '@angular/build': [ '22.0.6' ],
85 silly audit   '@angular/cli': [ '22.0.6' ],
85 silly audit   '@angular/common': [ '22.0.6' ],
85 silly audit   '@angular/compiler': [ '22.0.6' ],
85 silly audit   '@angular/compiler-cli': [ '22.0.6' ],
85 silly audit   '@babel/core': [ '7.29.7', '7.29.0' ],
85 silly audit   'convert-source-map': [ '2.0.0', '1.9.0' ],
85 silly audit   semver: [ '6.3.1', '7.7.4' ],
85 silly audit   '@angular/core': [ '22.0.6' ],
85 silly audit   '@angular/forms': [ '22.0.6' ],
85 silly audit   '@angular/platform-browser': [ '22.0.6' ],
85 silly audit   '@angular/router': [ '22.0.6' ],
85 silly audit   '@babel/code-frame': [ '7.29.7' ],
85 silly audit   '@babel/compat-data': [ '7.29.7' ],
85 silly audit   '@babel/generator': [ '7.29.7' ],
85 silly audit   '@babel/helper-annotate-as-pure': [ '7.27.3' ],
85 silly audit   '@babel/helper-compilation-targets': [ '7.29.7' ],
85 silly audit   '@babel/helper-globals': [ '7.29.7' ],
85 silly audit   '@babel/helper-module-imports': [ '7.29.7' ],
85 silly audit   '@babel/helper-module-transforms': [ '7.29.7' ],
85 silly audit   '@babel/helper-split-export-declaration': [ '7.24.7' ],
85 silly audit   '@babel/helper-string-parser': [ '7.29.7' ],
85 silly audit   '@babel/helper-validator-identifier': [ '7.29.7' ],
85 silly audit   '@babel/helper-validator-option': [ '7.29.7' ],
85 silly audit   '@babel/helpers': [ '7.29.7' ],
85 silly audit   '@babel/parser': [ '7.29.7' ],
85 silly audit   '@babel/template': [ '7.29.7' ],
85 silly audit   '@babel/traverse': [ '7.29.7' ],
85 silly audit   '@babel/types': [ '7.29.7' ],
85 silly audit   '@esbuild/aix-ppc64': [ '0.28.1', '0.27.7' ],
85 silly audit   '@esbuild/android-arm': [ '0.28.1', '0.27.7' ],
85 silly audit   '@esbuild/android-arm64': [ '0.28.1', '0.27.7' ],
85 silly audit   '@esbuild/android-x64': [ '0.28.1', '0.27.7' ],
85 silly audit   '@esbuild/darwin-arm64': [ '0.28.1', '0.27.7' ],
85 silly audit   '@esbuild/darwin-x64': [ '0.28.1', '0.27.7' ],
85 silly audit   '@esbuild/freebsd-arm64': [ '0.28.1', '0.27.7' ],
85 silly audit   '@esbuild/freebsd-x64': [ '0.28.1', '0.27.7' ],
85 silly audit   '@esbuild/linux-arm': [ '0.28.1', '0.27.7' ],
85 silly audit   '@esbuild/linux-arm64': [ '0.28.1', '0.27.7' ],
85 silly audit   '@esbuild/linux-ia32': [ '0.28.1', '0.27.7' ],
85 silly audit   '@esbuild/linux-loong64': [ '0.28.1', '0.27.7' ],
85 silly audit   '@esbuild/linux-mips64el': [ '0.28.1', '0.27.7' ],
85 silly audit   '@esbuild/linux-ppc64': [ '0.28.1', '0.27.7' ],
85 silly audit   '@esbuild/linux-riscv64': [ '0.28.1', '0.27.7' ],
85 silly audit   '@esbuild/linux-s390x': [ '0.28.1', '0.27.7' ],
85 silly audit   '@esbuild/linux-x64': [ '0.28.1', '0.27.7' ],
85 silly audit   '@esbuild/netbsd-arm64': [ '0.28.1', '0.27.7' ],
85 silly audit   '@esbuild/netbsd-x64': [ '0.28.1', '0.27.7' ],
85 silly audit   '@esbuild/openbsd-arm64': [ '0.28.1', '0.27.7' ],
85 silly audit   '@esbuild/openbsd-x64': [ '0.28.1', '0.27.7' ],
85 silly audit   '@esbuild/openharmony-arm64': [ '0.28.1', '0.27.7' ],
85 silly audit   '@esbuild/sunos-x64': [ '0.28.1', '0.27.7' ],
85 silly audit   '@esbuild/win32-arm64': [ '0.28.1', '0.27.7' ],
85 silly audit   '@esbuild/win32-ia32': [ '0.28.1', '0.27.7' ],
85 silly audit   '@esbuild/win32-x64': [ '0.28.1', '0.27.7' ],
85 silly audit   '@gar/promise-retry': [ '1.0.3' ],
85 silly audit   '@harperfast/extended-iterable': [ '1.0.3' ],
85 silly audit   '@hono/node-server': [ '1.19.14' ],
85 silly audit   '@inquirer/ansi': [ '2.0.7' ],
85 silly audit   '@inquirer/checkbox': [ '5.2.1' ],
85 silly audit   '@inquirer/confirm': [ '6.0.12' ],
85 silly audit   '@inquirer/core': [ '11.2.1' ],
85 silly audit   '@inquirer/editor': [ '5.2.2' ],
85 silly audit   '@inquirer/expand': [ '5.1.1' ],
85 silly audit   '@inquirer/external-editor': [ '3.0.3' ],
85 silly audit   '@inquirer/figures': [ '2.0.7' ],
85 silly audit   '@inquirer/input': [ '5.1.2' ],
85 silly audit   '@inquirer/number': [ '4.1.1' ],
85 silly audit   '@inquirer/password': [ '5.1.1' ],
85 silly audit   '@inquirer/prompts': [ '8.4.2' ],
85 silly audit   '@inquirer/rawlist': [ '5.3.1' ],
85 silly audit   '@inquirer/search': [ '4.2.1' ],
85 silly audit   '@inquirer/select': [ '5.2.1' ],
85 silly audit   '@inquirer/type': [ '4.0.7' ],
85 silly audit   '@isaacs/fs-minipass': [ '4.0.1' ],
85 silly audit   '@jridgewell/gen-mapping': [ '0.3.13' ],
85 silly audit   '@jridgewell/remapping': [ '2.3.5' ],
85 silly audit   '@jridgewell/resolve-uri': [ '3.1.2' ],
85 silly audit   '@jridgewell/sourcemap-codec': [ '1.5.5' ],
85 silly audit   '@jridgewell/trace-mapping': [ '0.3.31' ],
85 silly audit   '@listr2/prompt-adapter-inquirer': [ '4.2.3' ],
85 silly audit   '@lmdb/lmdb-darwin-arm64': [ '3.5.4' ],
85 silly audit   '@lmdb/lmdb-darwin-x64': [ '3.5.4' ],
85 silly audit   '@lmdb/lmdb-linux-arm': [ '3.5.4' ],
85 silly audit   '@lmdb/lmdb-linux-arm64': [ '3.5.4' ],
85 silly audit   '@lmdb/lmdb-linux-x64': [ '3.5.4' ],
85 silly audit   '@lmdb/lmdb-win32-arm64': [ '3.5.4' ],
85 silly audit   '@lmdb/lmdb-win32-x64': [ '3.5.4' ],
85 silly audit   '@modelcontextprotocol/sdk': [ '1.29.0' ],
85 silly audit   '@msgpackr-extract/msgpackr-extract-darwin-arm64': [ '3.0.4' ],
85 silly audit   '@msgpackr-extract/msgpackr-extract-darwin-x64': [ '3.0.4' ],
85 silly audit   '@msgpackr-extract/msgpackr-extract-linux-arm': [ '3.0.4' ],
85 silly audit   '@msgpackr-extract/msgpackr-extract-linux-arm64': [ '3.0.4' ],
85 silly audit   '@msgpackr-extract/msgpackr-extract-linux-x64': [ '3.0.4' ],
85 silly audit   '@msgpackr-extract/msgpackr-extract-win32-x64': [ '3.0.4' ],
85 silly audit   '@napi-rs/nice': [ '1.1.1' ],
85 silly audit   '@napi-rs/nice-android-arm-eabi': [ '1.1.1' ],
85 silly audit   '@napi-rs/nice-android-arm64': [ '1.1.1' ],
85 silly audit   '@napi-rs/nice-darwin-arm64': [ '1.1.1' ],
85 silly audit   '@napi-rs/nice-darwin-x64': [ '1.1.1' ],
85 silly audit   '@napi-rs/nice-freebsd-x64': [ '1.1.1' ],
85 silly audit   '@napi-rs/nice-linux-arm-gnueabihf': [ '1.1.1' ],
85 silly audit   '@napi-rs/nice-linux-arm64-gnu': [ '1.1.1' ],
85 silly audit   '@napi-rs/nice-linux-arm64-musl': [ '1.1.1' ],
85 silly audit   '@napi-rs/nice-linux-ppc64-gnu': [ '1.1.1' ],
85 silly audit   '@napi-rs/nice-linux-riscv64-gnu': [ '1.1.1' ],
85 silly audit   '@napi-rs/nice-linux-s390x-gnu': [ '1.1.1' ],
85 silly audit   '@napi-rs/nice-linux-x64-gnu': [ '1.1.1' ],
85 silly audit   '@napi-rs/nice-linux-x64-musl': [ '1.1.1' ],
85 silly audit   '@napi-rs/nice-openharmony-arm64': [ '1.1.1' ],
85 silly audit   '@napi-rs/nice-win32-arm64-msvc': [ '1.1.1' ],
85 silly audit   '@napi-rs/nice-win32-ia32-msvc': [ '1.1.1' ],
85 silly audit   '@napi-rs/nice-win32-x64-msvc': [ '1.1.1' ],
85 silly audit   '@npmcli/agent': [ '4.0.2' ],
85 silly audit   'agent-base': [ '7.1.4', '9.0.0' ],
85 silly audit   'https-proxy-agent': [ '7.0.6', '9.0.0' ],
85 silly audit   'lru-cache': [ '11.5.2', '5.1.1' ],
85 silly audit   '@npmcli/fs': [ '5.0.0' ],
85 silly audit   '@npmcli/git': [ '7.0.2' ],
85 silly audit   isexe: [ '4.0.0', '2.0.0' ],
85 silly audit   which: [ '6.0.1', '2.0.2' ],
85 silly audit   '@npmcli/installed-package-contents': [ '4.0.0' ],
85 silly audit   '@npmcli/node-gyp': [ '5.0.0' ],
85 silly audit   '@npmcli/package-json': [ '7.0.5' ],
85 silly audit   '@npmcli/promise-spawn': [ '9.0.1' ],
85 silly audit   '@npmcli/redact': [ '4.0.0' ],
85 silly audit   '@npmcli/run-script': [ '10.0.4' ],
85 silly audit   '@parcel/watcher': [ '2.5.6' ],
85 silly audit   '@parcel/watcher-android-arm64': [ '2.5.6' ],
85 silly audit   '@parcel/watcher-darwin-arm64': [ '2.5.6' ],
85 silly audit   '@parcel/watcher-darwin-x64': [ '2.5.6' ],
85 silly audit   '@parcel/watcher-freebsd-x64': [ '2.5.6' ],
85 silly audit   '@parcel/watcher-linux-arm-glibc': [ '2.5.6' ],
85 silly audit   '@parcel/watcher-linux-arm-musl': [ '2.5.6' ],
85 silly audit   '@parcel/watcher-linux-arm64-glibc': [ '2.5.6' ],
85 silly audit   '@parcel/watcher-linux-arm64-musl': [ '2.5.6' ],
85 silly audit   '@parcel/watcher-linux-x64-glibc': [ '2.5.6' ],
85 silly audit   '@parcel/watcher-linux-x64-musl': [ '2.5.6' ],
85 silly audit   '@parcel/watcher-win32-arm64': [ '2.5.6' ],
85 silly audit   '@parcel/watcher-win32-ia32': [ '2.5.6' ],
85 silly audit   '@parcel/watcher-win32-x64': [ '2.5.6' ],
85 silly audit   'node-addon-api': [ '7.1.1', '6.1.0' ],
85 silly audit   '@rollup/rollup-android-arm-eabi': [ '4.60.2' ],
85 silly audit   '@rollup/rollup-android-arm64': [ '4.60.2' ],
85 silly audit   '@rollup/rollup-darwin-arm64': [ '4.60.2' ],
85 silly audit   '@rollup/rollup-darwin-x64': [ '4.60.2' ],
85 silly audit   '@rollup/rollup-freebsd-arm64': [ '4.60.2' ],
85 silly audit   '@rollup/rollup-freebsd-x64': [ '4.60.2' ],
85 silly audit   '@rollup/rollup-linux-arm-gnueabihf': [ '4.60.2' ],
85 silly audit   '@rollup/rollup-linux-arm-musleabihf': [ '4.60.2' ],
85 silly audit   '@rollup/rollup-linux-arm64-gnu': [ '4.60.2' ],
85 silly audit   '@rollup/rollup-linux-arm64-musl': [ '4.60.2' ],
85 silly audit   '@rollup/rollup-linux-loong64-gnu': [ '4.60.2' ],
85 silly audit   '@rollup/rollup-linux-loong64-musl': [ '4.60.2' ],
85 silly audit   '@rollup/rollup-linux-ppc64-gnu': [ '4.60.2' ],
85 silly audit   '@rollup/rollup-linux-ppc64-musl': [ '4.60.2' ],
85 silly audit   '@rollup/rollup-linux-riscv64-gnu': [ '4.60.2' ],
85 silly audit   '@rollup/rollup-linux-riscv64-musl': [ '4.60.2' ],
85 silly audit   '@rollup/rollup-linux-s390x-gnu': [ '4.60.2' ],
85 silly audit   '@rollup/rollup-linux-x64-gnu': [ '4.60.2' ],
85 silly audit   '@rollup/rollup-linux-x64-musl': [ '4.60.2' ],
85 silly audit   '@rollup/rollup-openbsd-x64': [ '4.60.2' ],
85 silly audit   '@rollup/rollup-openharmony-arm64': [ '4.60.2' ],
85 silly audit   '@rollup/rollup-win32-arm64-msvc': [ '4.60.2' ],
85 silly audit   '@rollup/rollup-win32-ia32-msvc': [ '4.60.2' ],
85 silly audit   '@rollup/rollup-win32-x64-gnu': [ '4.60.2' ],
85 silly audit   '@rollup/rollup-win32-x64-msvc': [ '4.60.2' ],
85 silly audit   '@schematics/angular': [ '22.0.6' ],
85 silly audit   '@sigstore/bundle': [ '4.0.0' ],
85 silly audit   '@sigstore/core': [ '3.2.1' ],
85 silly audit   '@sigstore/protobuf-specs': [ '0.5.1' ],
85 silly audit   '@sigstore/sign': [ '4.1.1' ],
85 silly audit   '@sigstore/tuf': [ '4.0.2' ],
85 silly audit   '@sigstore/verify': [ '3.1.1' ],
85 silly audit   '@standard-schema/spec': [ '1.1.0' ],
85 silly audit   '@tailwindcss/node': [ '4.3.2' ],
85 silly audit   '@tailwindcss/oxide': [ '4.3.2' ],
85 silly audit   '@tailwindcss/oxide-android-arm64': [ '4.3.2' ],
85 silly audit   '@tailwindcss/oxide-darwin-arm64': [ '4.3.2' ],
85 silly audit   '@tailwindcss/oxide-darwin-x64': [ '4.3.2' ],
85 silly audit   '@tailwindcss/oxide-freebsd-x64': [ '4.3.2' ],
85 silly audit   '@tailwindcss/oxide-linux-arm-gnueabihf': [ '4.3.2' ],
85 silly audit   '@tailwindcss/oxide-linux-arm64-gnu': [ '4.3.2' ],
85 silly audit   '@tailwindcss/oxide-linux-arm64-musl': [ '4.3.2' ],
85 silly audit   '@tailwindcss/oxide-linux-x64-gnu': [ '4.3.2' ],
85 silly audit   '@tailwindcss/oxide-linux-x64-musl': [ '4.3.2' ],
85 silly audit   '@tailwindcss/oxide-wasm32-wasi': [ '4.3.2' ],
85 silly audit   '@tailwindcss/oxide-win32-arm64-msvc': [ '4.3.2' ],
85 silly audit   '@tailwindcss/oxide-win32-x64-msvc': [ '4.3.2' ],
85 silly audit   '@tailwindcss/postcss': [ '4.3.2' ],
85 silly audit   '@tufjs/canonical-json': [ '2.0.0' ],
85 silly audit   '@tufjs/models': [ '4.1.0' ],
85 silly audit   '@types/estree': [ '1.0.8' ],
85 silly audit   '@vitejs/plugin-basic-ssl': [ '2.3.0' ],
85 silly audit   '@yarnpkg/lockfile': [ '1.1.0' ],
85 silly audit   abbrev: [ '4.0.0' ],
85 silly audit   accepts: [ '2.0.0' ],
85 silly audit   ajv: [ '8.20.0' ],
85 silly audit   'ajv-formats': [ '3.0.1' ],
85 silly audit   algoliasearch: [ '5.52.0' ],
85 silly audit   'ansi-escapes': [ '7.3.0' ],
85 silly audit   'ansi-regex': [ '6.2.2' ],
85 silly audit   'ansi-styles': [ '6.2.3' ],
85 silly audit   'balanced-match': [ '4.0.4' ],
85 silly audit   'baseline-browser-mapping': [ '2.10.42' ],
85 silly audit   bcryptjs: [ '3.0.3' ],
85 silly audit   beasties: [ '0.4.2' ],
85 silly audit   'body-parser': [ '2.3.0' ],
85 silly audit   'content-type': [ '2.0.0', '1.0.5' ],
85 silly audit   boolbase: [ '1.0.0' ],
85 silly audit   'brace-expansion': [ '5.0.7' ],
85 silly audit   browserslist: [ '4.28.5' ],
85 silly audit   'buffer-equal-constant-time': [ '1.0.1' ],
85 silly audit   'buffer-from': [ '1.1.2' ],
85 silly audit   bytes: [ '3.1.2' ],
85 silly audit   cacache: [ '20.0.4' ],
85 silly audit   'call-bind-apply-helpers': [ '1.0.2' ],
85 silly audit   'call-bound': [ '1.0.4' ],
85 silly audit   'caniuse-lite': [ '1.0.30001803' ],
85 silly audit   chalk: [ '5.6.2' ],
85 silly audit   chardet: [ '2.2.0' ],
85 silly audit   chokidar: [ '5.0.0', '4.0.3' ],
85 silly audit   chownr: [ '3.0.0' ],
85 silly audit   'cli-cursor': [ '5.0.0' ],
85 silly audit   'cli-spinners': [ '3.4.0' ],
85 silly audit   'cli-truncate': [ '5.2.0' ],
85 silly audit   'cli-width': [ '4.1.0' ],
85 silly audit   cliui: [ '9.0.1' ],
85 silly audit   'string-width': [ '7.2.0', '8.2.2' ],
85 silly audit   'wrap-ansi': [ '9.0.2', '10.0.0' ],
85 silly audit   concurrently: [ '10.0.3' ],
85 silly audit   'content-disposition': [ '1.1.0' ],
85 silly audit   cookie: [ '0.7.2' ],
85 silly audit   'cookie-signature': [ '1.2.2' ],
85 silly audit   cors: [ '2.8.6' ],
85 silly audit   'cross-spawn': [ '7.0.6' ],
85 silly audit   'css-select': [ '6.0.0' ],
85 silly audit   'css-what': [ '7.0.0' ],
85 silly audit   debug: [ '4.4.3' ],
85 silly audit   depd: [ '2.0.0' ],
85 silly audit   'detect-libc': [ '2.1.2' ],
85 silly audit   'dom-serializer': [ '2.0.0' ],
85 silly audit   domelementtype: [ '2.3.0' ],
85 silly audit   domhandler: [ '5.0.3' ],
85 silly audit   domutils: [ '3.2.2' ],
85 silly audit   dotenv: [ '17.4.2' ],
85 silly audit   'dunder-proto': [ '1.0.1' ],
85 silly audit   'ecdsa-sig-formatter': [ '1.0.11' ],
85 silly audit   'ee-first': [ '1.1.1' ],
85 silly audit   'electron-to-chromium': [ '1.5.389' ],
85 silly audit   'emoji-regex': [ '10.6.0' ],
85 silly audit   encodeurl: [ '2.0.0' ],
85 silly audit   'enhanced-resolve': [ '5.21.6' ],
85 silly audit   entities: [ '4.5.0', '7.0.1', '8.0.0' ],
85 silly audit   'env-paths': [ '2.2.1' ],
85 silly audit   environment: [ '1.1.0' ],
85 silly audit   'es-define-property': [ '1.0.1' ],
85 silly audit   'es-errors': [ '1.3.0' ],
85 silly audit   'es-object-atoms': [ '1.1.2' ],
85 silly audit   esbuild: [ '0.28.1', '0.27.7' ],
85 silly audit   escalade: [ '3.2.0' ],
85 silly audit   'escape-html': [ '1.0.3' ],
85 silly audit   etag: [ '1.8.1' ],
85 silly audit   eventemitter3: [ '5.0.4' ],
85 silly audit   eventsource: [ '3.0.7' ],
85 silly audit   'eventsource-parser': [ '3.1.0' ],
85 silly audit   'exponential-backoff': [ '3.1.3' ],
85 silly audit   express: [ '5.2.1' ],
85 silly audit   'express-rate-limit': [ '8.5.2' ],
85 silly audit   'fast-deep-equal': [ '3.1.3' ],
85 silly audit   'fast-string-truncated-width': [ '3.0.3' ],
85 silly audit   'fast-string-width': [ '3.0.2' ],
85 silly audit   'fast-uri': [ '3.1.3' ],
85 silly audit   'fast-wrap-ansi': [ '0.2.2' ],
85 silly audit   fdir: [ '6.5.0' ],
85 silly audit   finalhandler: [ '2.1.1' ],
85 silly audit   forwarded: [ '0.2.0' ],
85 silly audit   fresh: [ '2.0.0' ],
85 silly audit   'fs-minipass': [ '3.0.3' ],
85 silly audit   fsevents: [ '2.3.3' ],
85 silly audit   'function-bind': [ '1.1.2' ],
85 silly audit   gensync: [ '1.0.0-beta.2' ],
85 silly audit   'get-caller-file': [ '2.0.5' ],
85 silly audit   'get-east-asian-width': [ '1.6.0' ],
85 silly audit   'get-intrinsic': [ '1.3.0' ],
85 silly audit   'get-proto': [ '1.0.1' ],
85 silly audit   glob: [ '13.0.6' ],
85 silly audit   'glob-to-regexp': [ '0.4.1' ],
85 silly audit   gopd: [ '1.2.0' ],
85 silly audit   'graceful-fs': [ '4.2.11' ],
85 silly audit   'has-symbols': [ '1.1.0' ],
85 silly audit   hasown: [ '2.0.4' ],
85 silly audit   hono: [ '4.12.29' ],
85 silly audit   'hosted-git-info': [ '9.0.3' ],
85 silly audit   htmlparser2: [ '10.1.0' ],
85 silly audit   'http-cache-semantics': [ '4.2.0' ],
85 silly audit   'http-errors': [ '2.0.1' ],
85 silly audit   'http-proxy-agent': [ '7.0.2' ],
85 silly audit   'iconv-lite': [ '0.7.3' ],
85 silly audit   'ignore-walk': [ '8.0.0' ],
85 silly audit   immutable: [ '5.1.9' ],
85 silly audit   inherits: [ '2.0.4' ],
85 silly audit   ini: [ '6.0.0' ],
85 silly audit   'ip-address': [ '10.2.0' ],
85 silly audit   'ipaddr.js': [ '1.9.1' ],
85 silly audit   'is-extglob': [ '2.1.1' ],
85 silly audit   'is-fullwidth-code-point': [ '5.1.0' ],
85 silly audit   'is-glob': [ '4.0.3' ],
85 silly audit   'is-interactive': [ '2.0.0' ],
85 silly audit   'is-promise': [ '4.0.0' ],
85 silly audit   'is-unicode-supported': [ '2.1.0' ],
85 silly audit   jiti: [ '2.7.0' ],
85 silly audit   jose: [ '6.2.3' ],
85 silly audit   'js-tokens': [ '4.0.0' ],
85 silly audit   jsesc: [ '3.1.0' ],
85 silly audit   'json-parse-even-better-errors': [ '5.0.0' ],
85 silly audit   'json-schema-traverse': [ '1.0.0' ],
85 silly audit   'json-schema-typed': [ '8.0.2' ],
85 silly audit   json5: [ '2.2.3' ],
85 silly audit   'jsonc-parser': [ '3.3.1' ],
85 silly audit   jsonparse: [ '1.3.1' ],
85 silly audit   jsonwebtoken: [ '9.0.3' ],
85 silly audit   jwa: [ '2.0.1' ],
85 silly audit   jws: [ '4.0.1' ],
85 silly audit   lightningcss: [ '1.32.0' ],
85 silly audit   'lightningcss-android-arm64': [ '1.32.0' ],
85 silly audit   'lightningcss-darwin-arm64': [ '1.32.0' ],
85 silly audit   'lightningcss-darwin-x64': [ '1.32.0' ],
85 silly audit   'lightningcss-freebsd-x64': [ '1.32.0' ],
85 silly audit   'lightningcss-linux-arm-gnueabihf': [ '1.32.0' ],
85 silly audit   'lightningcss-linux-arm64-gnu': [ '1.32.0' ],
85 silly audit   'lightningcss-linux-arm64-musl': [ '1.32.0' ],
85 silly audit   'lightningcss-linux-x64-gnu': [ '1.32.0' ],
85 silly audit   'lightningcss-linux-x64-musl': [ '1.32.0' ],
85 silly audit   'lightningcss-win32-arm64-msvc': [ '1.32.0' ],
85 silly audit   'lightningcss-win32-x64-msvc': [ '1.32.0' ],
85 silly audit   listr2: [ '10.2.1' ],
85 silly audit   lmdb: [ '3.5.4' ],
85 silly audit   'lodash.includes': [ '4.3.0' ],
85 silly audit   'lodash.isboolean': [ '3.0.3' ],
85 silly audit   'lodash.isinteger': [ '4.0.4' ],
85 silly audit   'lodash.isnumber': [ '3.0.3' ],
85 silly audit   'lodash.isplainobject': [ '4.0.6' ],
85 silly audit   'lodash.isstring': [ '4.0.1' ],
85 silly audit   'lodash.once': [ '4.1.1' ],
85 silly audit   'log-symbols': [ '7.0.1' ],
85 silly audit   'log-update': [ '6.1.0' ],
85 silly audit   'slice-ansi': [ '7.1.2', '8.0.0' ],
85 silly audit   'magic-string': [ '0.30.21' ],
85 silly audit   'make-fetch-happen': [ '15.0.6' ],
85 silly audit   'math-intrinsics': [ '1.1.0' ],
85 silly audit   'media-typer': [ '1.1.0' ],
85 silly audit   'merge-descriptors': [ '2.0.0' ],
85 silly audit   'mime-db': [ '1.54.0' ],
85 silly audit   'mime-types': [ '3.0.2' ],
85 silly audit   'mimic-function': [ '5.0.1' ],
85 silly audit   minimatch: [ '10.2.5' ],
85 silly audit   minipass: [ '7.1.3', '3.3.6' ],
85 silly audit   'minipass-collect': [ '2.0.1' ],
85 silly audit   'minipass-fetch': [ '5.0.2' ],
85 silly audit   'minipass-flush': [ '1.0.7' ],
85 silly audit   yallist: [ '4.0.0', '5.0.0', '3.1.1' ],
85 silly audit   'minipass-pipeline': [ '1.2.4' ],
85 silly audit   'minipass-sized': [ '2.0.0' ],
85 silly audit   minizlib: [ '3.1.0' ],
85 silly audit   mrmime: [ '2.0.1' ],
85 silly audit   ms: [ '2.1.3' ],
85 silly audit   msgpackr: [ '1.12.1' ],
85 silly audit   'msgpackr-extract': [ '3.0.4' ],
85 silly audit   'mute-stream': [ '3.0.0' ],
85 silly audit   nanoid: [ '3.3.15' ],
85 silly audit   negotiator: [ '1.0.0' ],
85 silly audit   'node-gyp': [ '12.4.0' ],
85 silly audit   'node-gyp-build-optional-packages': [ '5.2.2' ],
85 silly audit   'node-releases': [ '2.0.51' ],
85 silly audit   nopt: [ '9.0.0' ],
85 silly audit   'npm-bundled': [ '5.0.0' ],
85 silly audit   'npm-install-checks': [ '8.0.0' ],
85 silly audit   'npm-normalize-package-bin': [ '5.0.0' ],
85 silly audit   'npm-package-arg': [ '13.0.2' ],
85 silly audit   'npm-packlist': [ '10.0.4' ],
85 silly audit   'npm-pick-manifest': [ '11.0.3' ],
85 silly audit   'npm-registry-fetch': [ '19.1.1' ],
85 silly audit   'nth-check': [ '2.1.1' ],
85 silly audit   'object-assign': [ '4.1.1' ],
85 silly audit   'object-inspect': [ '1.13.4' ],
85 silly audit   'on-finished': [ '2.4.1' ],
85 silly audit   once: [ '1.4.0' ],
85 silly audit   onetime: [ '7.0.0' ],
85 silly audit   ora: [ '9.4.0' ],
85 silly audit   'ordered-binary': [ '1.6.1' ],
85 silly audit   'p-map': [ '7.0.5' ],
85 silly audit   pacote: [ '21.5.1' ],
85 silly audit   parse5: [ '8.0.1' ],
85 silly audit   'parse5-html-rewriting-stream': [ '8.0.1' ],
85 silly audit   'parse5-sax-parser': [ '8.0.0' ],
85 silly audit   parseurl: [ '1.3.3' ],
85 silly audit   'path-key': [ '3.1.1' ],
85 silly audit   'path-scurry': [ '2.0.2' ],
85 silly audit   'path-to-regexp': [ '8.4.2' ],
85 silly audit   picocolors: [ '1.1.1' ],
85 silly audit   picomatch: [ '4.0.4' ],
85 silly audit   piscina: [ '5.2.0' ],
85 silly audit   'pkce-challenge': [ '5.0.1' ],
85 silly audit   postcss: [ '8.5.16' ],
85 silly audit   'postcss-media-query-parser': [ '0.2.3' ],
85 silly audit   'postcss-safe-parser': [ '7.0.1' ],
85 silly audit   prettier: [ '3.9.5' ],
85 silly audit   'proc-log': [ '6.1.0' ],
85 silly audit   'proxy-addr': [ '2.0.7' ],
85 silly audit   qs: [ '6.15.3' ],
85 silly audit   'range-parser': [ '1.3.0' ],
85 silly audit   'raw-body': [ '3.0.2' ],
85 silly audit   readdirp: [ '5.0.0', '4.1.2' ],
85 silly audit   'reflect-metadata': [ '0.2.2' ],
85 silly audit   'require-from-string': [ '2.0.2' ],
85 silly audit   'restore-cursor': [ '5.1.0' ],
85 silly audit   rfdc: [ '1.4.1' ],
85 silly audit   rollup: [ '4.60.2' ],
85 silly audit   router: [ '2.2.0' ],
85 silly audit   rxjs: [ '7.8.2' ],
85 silly audit   'safe-buffer': [ '5.2.1' ],
85 silly audit   'safer-buffer': [ '2.1.2' ],
85 silly audit   sass: [ '1.99.0' ],
85 silly audit   send: [ '1.2.1' ],
85 silly audit   'serve-static': [ '2.2.1' ],
85 silly audit   setprototypeof: [ '1.2.0' ],
85 silly audit   'shebang-command': [ '2.0.0' ],
85 silly audit   'shebang-regex': [ '3.0.0' ],
85 silly audit   'shell-quote': [ '1.8.4' ],
85 silly audit   'side-channel': [ '1.1.1' ],
85 silly audit   'side-channel-list': [ '1.0.1' ],
85 silly audit   'side-channel-map': [ '1.0.1' ],
85 silly audit   'side-channel-weakmap': [ '1.0.2' ],
85 silly audit   'signal-exit': [ '4.1.0' ],
85 silly audit   sigstore: [ '4.1.1' ],
85 silly audit   'smart-buffer': [ '4.2.0' ],
85 silly audit   socks: [ '2.8.9' ],
85 silly audit   'socks-proxy-agent': [ '8.0.5' ],
85 silly audit   'source-map': [ '0.7.6', '0.6.1' ],
85 silly audit   'source-map-js': [ '1.2.1' ],
85 silly audit   'source-map-support': [ '0.5.21' ],
85 silly audit   'spdx-exceptions': [ '2.5.0' ],
85 silly audit   'spdx-expression-parse': [ '4.0.0' ],
85 silly audit   'spdx-license-ids': [ '3.0.23' ],
85 silly audit   ssri: [ '13.0.1' ],
85 silly audit   statuses: [ '2.0.2' ],
85 silly audit   'stdin-discarder': [ '0.3.2' ],
85 silly audit   'strip-ansi': [ '7.2.0' ],
85 silly audit   'supports-color': [ '10.2.2' ],
85 silly audit   tailwindcss: [ '4.3.2' ],
85 silly audit   tapable: [ '2.3.3' ],
85 silly audit   tar: [ '7.5.19' ],
85 silly audit   tinyglobby: [ '0.2.16' ],
85 silly audit   toidentifier: [ '1.0.1' ],
85 silly audit   'tree-kill': [ '1.2.2' ],
85 silly audit   tslib: [ '2.8.1' ],
85 silly audit   'tuf-js': [ '4.1.0' ],
85 silly audit   'type-is': [ '2.1.0' ],
85 silly audit   typescript: [ '6.0.3' ],
85 silly audit   undici: [ '6.27.0' ],
85 silly audit   unpipe: [ '1.0.0' ],
85 silly audit   'update-browserslist-db': [ '1.2.3' ],
85 silly audit   'validate-npm-package-name': [ '7.0.2' ],
85 silly audit   vary: [ '1.1.2' ],
85 silly audit   vite: [ '7.3.5' ],
85 silly audit   watchpack: [ '2.5.1' ],
85 silly audit   'weak-lru-cache': [ '1.2.2' ],
85 silly audit   wrappy: [ '1.0.2' ],
85 silly audit   y18n: [ '5.0.8' ],
85 silly audit   yargs: [ '18.0.0' ],
85 silly audit   'yargs-parser': [ '22.0.0' ],
85 silly audit   yoctocolors: [ '2.1.2' ],
85 silly audit   zod: [ '4.4.2' ],
85 silly audit   'zod-to-json-schema': [ '3.25.2' ],
85 silly audit   '@types/cors': [ '2.8.19' ],
85 silly audit   '@types/express': [ '5.0.6' ],
85 silly audit   '@types/jsonwebtoken': [ '9.0.10' ],
85 silly audit   '@types/node': [ '26.1.1' ],
85 silly audit   '@types/body-parser': [ '1.19.6' ],
85 silly audit   '@types/express-serve-static-core': [ '5.1.2' ],
85 silly audit   '@types/serve-static': [ '2.2.0' ],
85 silly audit   '@types/connect': [ '3.4.38' ],
85 silly audit   '@types/qs': [ '6.15.1' ],
85 silly audit   '@types/range-parser': [ '1.2.7' ],
85 silly audit   '@types/send': [ '1.2.1' ],
85 silly audit   '@types/ms': [ '2.1.0' ],
85 silly audit   'undici-types': [ '8.3.0' ],
85 silly audit   '@types/http-errors': [ '2.0.5' ]
85 silly audit }
86 http cache undici-types@https://registry.npmjs.org/undici-types/-/undici-types-8.3.0.tgz 0ms (cache hit)
87 http cache @types/http-errors@https://registry.npmjs.org/@types/http-errors/-/http-errors-2.0.5.tgz 0ms (cache hit)
88 http cache @types/send@https://registry.npmjs.org/@types/send/-/send-1.2.1.tgz 0ms (cache hit)
89 http cache @types/ms@https://registry.npmjs.org/@types/ms/-/ms-2.1.0.tgz 0ms (cache hit)
90 http cache @types/range-parser@https://registry.npmjs.org/@types/range-parser/-/range-parser-1.2.7.tgz 0ms (cache hit)
91 http cache @types/qs@https://registry.npmjs.org/@types/qs/-/qs-6.15.1.tgz 0ms (cache hit)
92 http cache @types/connect@https://registry.npmjs.org/@types/connect/-/connect-3.4.38.tgz 0ms (cache hit)
93 http cache @types/serve-static@https://registry.npmjs.org/@types/serve-static/-/serve-static-2.2.0.tgz 0ms (cache hit)
94 http cache @types/express-serve-static-core@https://registry.npmjs.org/@types/express-serve-static-core/-/express-serve-static-core-5.1.2.tgz 0ms (cache hit)
95 http cache @types/body-parser@https://registry.npmjs.org/@types/body-parser/-/body-parser-1.19.6.tgz 0ms (cache hit)
96 http cache @types/node@https://registry.npmjs.org/@types/node/-/node-26.1.1.tgz 0ms (cache hit)
97 silly tarball no local data for undici-types@https://registry.npmjs.org/undici-types/-/undici-types-8.3.0.tgz. Extracting by manifest.
98 silly tarball no local data for @types/http-errors@https://registry.npmjs.org/@types/http-errors/-/http-errors-2.0.5.tgz. Extracting by manifest.
99 silly tarball no local data for @types/send@https://registry.npmjs.org/@types/send/-/send-1.2.1.tgz. Extracting by manifest.
100 silly tarball no local data for @types/ms@https://registry.npmjs.org/@types/ms/-/ms-2.1.0.tgz. Extracting by manifest.
101 silly tarball no local data for @types/range-parser@https://registry.npmjs.org/@types/range-parser/-/range-parser-1.2.7.tgz. Extracting by manifest.
102 silly tarball no local data for @types/qs@https://registry.npmjs.org/@types/qs/-/qs-6.15.1.tgz. Extracting by manifest.
103 silly tarball no local data for @types/connect@https://registry.npmjs.org/@types/connect/-/connect-3.4.38.tgz. Extracting by manifest.
104 http cache @types/jsonwebtoken@https://registry.npmjs.org/@types/jsonwebtoken/-/jsonwebtoken-9.0.10.tgz 0ms (cache hit)
105 silly tarball no local data for @types/serve-static@https://registry.npmjs.org/@types/serve-static/-/serve-static-2.2.0.tgz. Extracting by manifest.
106 silly tarball no local data for @types/express-serve-static-core@https://registry.npmjs.org/@types/express-serve-static-core/-/express-serve-static-core-5.1.2.tgz. Extracting by manifest.
107 silly tarball no local data for @types/body-parser@https://registry.npmjs.org/@types/body-parser/-/body-parser-1.19.6.tgz. Extracting by manifest.
108 http cache @types/express@https://registry.npmjs.org/@types/express/-/express-5.0.6.tgz 0ms (cache hit)
109 silly tarball no local data for @types/node@https://registry.npmjs.org/@types/node/-/node-26.1.1.tgz. Extracting by manifest.
110 http cache @types/cors@https://registry.npmjs.org/@types/cors/-/cors-2.8.19.tgz 0ms (cache hit)
111 silly tarball no local data for @types/jsonwebtoken@https://registry.npmjs.org/@types/jsonwebtoken/-/jsonwebtoken-9.0.10.tgz. Extracting by manifest.
112 silly tarball no local data for @types/express@https://registry.npmjs.org/@types/express/-/express-5.0.6.tgz. Extracting by manifest.
113 silly tarball no local data for @types/cors@https://registry.npmjs.org/@types/cors/-/cors-2.8.19.tgz. Extracting by manifest.
114 http fetch POST 200 https://registry.npmjs.org/-/npm/v1/security/advisories/bulk 182ms
115 silly audit report {
115 silly audit report   '@babel/core': [
115 silly audit report     {
115 silly audit report       id: 1120793,
115 silly audit report       url: 'https://github.com/advisories/GHSA-4x5r-pxfx-6jf8',
115 silly audit report       title: '@babel/core: Arbitrary File Read via sourceMappingURL Comment',
115 silly audit report       severity: 'low',
115 silly audit report       vulnerable_versions: '<=7.29.0',
115 silly audit report       cwe: [Array],
115 silly audit report       cvss: [Object]
115 silly audit report     }
115 silly audit report   ],
115 silly audit report   esbuild: [
115 silly audit report     {
115 silly audit report       id: 1120680,
115 silly audit report       url: 'https://github.com/advisories/GHSA-g7r4-m6w7-qqqr',
115 silly audit report       title: 'esbuild allows arbitrary file read when running the development server on Windows',
115 silly audit report       severity: 'low',
115 silly audit report       vulnerable_versions: '>=0.27.3 <0.28.1',
115 silly audit report       cwe: [Array],
115 silly audit report       cvss: [Object]
115 silly audit report     }
115 silly audit report   ]
115 silly audit report }
116 silly packumentCache corgi:https://registry.npmjs.org/@babel%2fcore cache-miss
117 silly packumentCache corgi:https://registry.npmjs.org/esbuild cache-miss
118 http fetch GET 200 https://registry.npmjs.org/@types/http-errors/-/http-errors-2.0.5.tgz 194ms (cache miss)
119 http fetch GET 200 https://registry.npmjs.org/@types/ms/-/ms-2.1.0.tgz 198ms (cache miss)
120 http fetch GET 200 https://registry.npmjs.org/@types/send/-/send-1.2.1.tgz 206ms (cache miss)
121 http cache https://registry.npmjs.org/@babel%2fcore 47ms (cache hit)
122 silly packumentCache corgi:https://registry.npmjs.org/@babel%2fcore set size:422446 disposed:false
123 http cache https://registry.npmjs.org/esbuild 73ms (cache hit)
124 silly packumentCache corgi:https://registry.npmjs.org/esbuild set size:887361 disposed:false
125 silly packumentCache corgi:https://registry.npmjs.org/@angular%2fbuild cache-miss
126 silly packumentCache corgi:https://registry.npmjs.org/@babel%2fhelper-module-transforms cache-miss
127 http cache https://registry.npmjs.org/@babel%2fhelper-module-transforms 25ms (cache hit)
128 silly packumentCache corgi:https://registry.npmjs.org/@babel%2fhelper-module-transforms set size:187739 disposed:false
129 http cache https://registry.npmjs.org/@angular%2fbuild 32ms (cache hit)
130 silly packumentCache corgi:https://registry.npmjs.org/@angular%2fbuild set size:622600 disposed:false
131 silly packumentCache corgi:https://registry.npmjs.org/vite cache-miss
132 http cache https://registry.npmjs.org/vite 18ms (cache hit)
133 silly packumentCache corgi:https://registry.npmjs.org/vite set size:2282641 disposed:false
134 http fetch GET 200 https://registry.npmjs.org/@types/range-parser/-/range-parser-1.2.7.tgz 432ms (cache miss)
135 http fetch GET 200 https://registry.npmjs.org/@types/connect/-/connect-3.4.38.tgz 431ms (cache miss)
136 http fetch GET 200 https://registry.npmjs.org/@types/qs/-/qs-6.15.1.tgz 432ms (cache miss)
137 http fetch GET 200 https://registry.npmjs.org/@types/body-parser/-/body-parser-1.19.6.tgz 429ms (cache miss)
138 http fetch GET 200 https://registry.npmjs.org/@types/express/-/express-5.0.6.tgz 410ms (cache miss)
139 http fetch GET 200 https://registry.npmjs.org/@types/serve-static/-/serve-static-2.2.0.tgz 432ms (cache miss)
140 http fetch GET 200 https://registry.npmjs.org/@types/cors/-/cors-2.8.19.tgz 409ms (cache miss)
141 http fetch GET 200 https://registry.npmjs.org/@types/jsonwebtoken/-/jsonwebtoken-9.0.10.tgz 421ms (cache miss)
142 http fetch GET 200 https://registry.npmjs.org/@types/express-serve-static-core/-/express-serve-static-core-5.1.2.tgz 440ms (cache miss)
143 http fetch GET 200 https://registry.npmjs.org/undici-types/-/undici-types-8.3.0.tgz 486ms (cache miss)
144 http fetch GET 200 https://registry.npmjs.org/@types/node/-/node-26.1.1.tgz 783ms (cache miss)
145 silly ADD node_modules/@types/http-errors
146 silly ADD node_modules/undici-types
147 silly ADD node_modules/@types/ms
148 silly ADD node_modules/@types/send
149 silly ADD node_modules/@types/range-parser
150 silly ADD node_modules/@types/qs
151 silly ADD node_modules/@types/connect
152 silly ADD node_modules/@types/serve-static
153 silly ADD node_modules/@types/express-serve-static-core
154 silly ADD node_modules/@types/body-parser
155 silly ADD node_modules/@types/node
156 silly ADD node_modules/@types/jsonwebtoken
157 silly ADD node_modules/@types/express
158 silly ADD node_modules/@types/cors
159 warn allow-scripts 5 packages have install scripts not yet covered by allowScripts:
159 warn allow-scripts   @parcel/watcher@2.5.6 (install: node-gyp rebuild)
159 warn allow-scripts   esbuild@0.28.1 (postinstall: node install.js)
159 warn allow-scripts   lmdb@3.5.4 (install: node-gyp rebuild)
159 warn allow-scripts   msgpackr-extract@3.0.4 (install: node-gyp rebuild)
159 warn allow-scripts   esbuild@0.27.7 (postinstall: node install.js)
159 warn allow-scripts
159 warn allow-scripts Run `npm approve-scripts --allow-scripts-pending` to review, or `npm approve-scripts <pkg>` to allow.
160 verbose cwd C:\Users\Yisus\Desktop\FACTURACION CLIENTES SISTEMA P1
161 verbose os Windows_NT 10.0.26200
162 verbose node v26.3.0
163 verbose npm  v11.17.0
164 verbose exit 0
165 info ok
