0 verbose cli C:\Program Files\nodejs\node.exe C:\Users\Yisus\AppData\Roaming\npm\node_modules\npm\bin\npm-cli.js
1 info using npm@11.17.0
2 info using node@v26.3.0
3 silly config load:file:C:\Users\Yisus\AppData\Roaming\npm\node_modules\npm\npmrc
4 silly config load:file:C:\Users\Yisus\Desktop\FACTURACION CLIENTES SISTEMA P1\.npmrc
5 silly config load:file:C:\Users\Yisus\.npmrc
6 silly config load:file:C:\Users\Yisus\AppData\Roaming\npm\etc\npmrc
7 verbose title npm install express cors jsonwebtoken bcryptjs dotenv concurrently
8 verbose argv "--cache" ".npm-cache" "install" "express" "cors" "jsonwebtoken" "bcryptjs" "dotenv" "concurrently"
9 verbose logfile logs-max:10 dir:C:\Users\Yisus\Desktop\FACTURACION CLIENTES SISTEMA P1\.npm-cache\_logs\2026-07-11T05_49_19_878Z-
10 verbose logfile C:\Users\Yisus\Desktop\FACTURACION CLIENTES SISTEMA P1\.npm-cache\_logs\2026-07-11T05_49_19_878Z-debug-0.log
11 silly logfile done cleaning log files
12 silly packumentCache heap:4395630592 maxSize:1098907648 maxEntrySize:549453824
13 silly idealTree buildDeps
14 silly fetch manifest express@*
15 silly packumentCache full:https://registry.npmjs.org/express cache-miss
16 http fetch GET 200 https://registry.npmjs.org/express 587ms (cache revalidated)
17 silly packumentCache full:https://registry.npmjs.org/express set size:804933 disposed:false
18 silly fetch manifest cors@*
19 silly packumentCache full:https://registry.npmjs.org/cors cache-miss
20 http fetch GET 200 https://registry.npmjs.org/cors 80ms (cache revalidated)
21 silly packumentCache full:https://registry.npmjs.org/cors set size:77956 disposed:false
22 silly fetch manifest jsonwebtoken@*
23 silly packumentCache full:https://registry.npmjs.org/jsonwebtoken cache-miss
24 http fetch GET 200 https://registry.npmjs.org/jsonwebtoken 118ms (cache miss)
25 silly packumentCache full:https://registry.npmjs.org/jsonwebtoken set size:undefined disposed:false
26 silly fetch manifest bcryptjs@*
27 silly packumentCache full:https://registry.npmjs.org/bcryptjs cache-miss
28 http fetch GET 200 https://registry.npmjs.org/bcryptjs 106ms (cache miss)
29 silly packumentCache full:https://registry.npmjs.org/bcryptjs set size:undefined disposed:false
30 silly fetch manifest dotenv@*
31 silly packumentCache full:https://registry.npmjs.org/dotenv cache-miss
32 http fetch GET 200 https://registry.npmjs.org/dotenv 182ms (cache miss)
33 silly packumentCache full:https://registry.npmjs.org/dotenv set size:undefined disposed:false
34 silly fetch manifest concurrently@*
35 silly packumentCache full:https://registry.npmjs.org/concurrently cache-miss
36 http fetch GET 200 https://registry.npmjs.org/concurrently 124ms (cache miss)
37 silly packumentCache full:https://registry.npmjs.org/concurrently set size:undefined disposed:false
38 silly placeDep ROOT bcryptjs@3.0.3 OK for: facturacion-clientes@0.0.0 want: *
39 silly placeDep ROOT concurrently@10.0.3 OK for: facturacion-clientes@0.0.0 want: *
40 silly placeDep ROOT cors@2.8.6 REPLACE for: facturacion-clientes@0.0.0 want: *
41 silly placeDep ROOT dotenv@17.4.2 OK for: facturacion-clientes@0.0.0 want: *
42 silly placeDep ROOT express@5.2.1 REPLACE for: facturacion-clientes@0.0.0 want: *
43 silly placeDep ROOT jsonwebtoken@9.0.3 OK for: facturacion-clientes@0.0.0 want: *
44 silly fetch manifest tree-kill@1.2.2
45 silly packumentCache full:https://registry.npmjs.org/tree-kill cache-miss
46 silly fetch manifest shell-quote@1.8.4
47 silly packumentCache full:https://registry.npmjs.org/shell-quote cache-miss
48 silly fetch manifest supports-color@10.2.2
49 silly packumentCache full:https://registry.npmjs.org/supports-color cache-miss
50 silly fetch manifest jws@^4.0.1
51 silly packumentCache full:https://registry.npmjs.org/jws cache-miss
52 silly fetch manifest lodash.once@^4.0.0
53 silly packumentCache full:https://registry.npmjs.org/lodash.once cache-miss
54 silly fetch manifest lodash.includes@^4.3.0
55 silly packumentCache full:https://registry.npmjs.org/lodash.includes cache-miss
56 silly fetch manifest lodash.isnumber@^3.0.3
57 silly packumentCache full:https://registry.npmjs.org/lodash.isnumber cache-miss
58 silly fetch manifest lodash.isstring@^4.0.1
59 silly packumentCache full:https://registry.npmjs.org/lodash.isstring cache-miss
60 silly fetch manifest lodash.isboolean@^3.0.3
61 silly packumentCache full:https://registry.npmjs.org/lodash.isboolean cache-miss
62 silly fetch manifest lodash.isinteger@^4.0.4
63 silly packumentCache full:https://registry.npmjs.org/lodash.isinteger cache-miss
64 silly fetch manifest lodash.isplainobject@^4.0.6
65 silly packumentCache full:https://registry.npmjs.org/lodash.isplainobject cache-miss
66 http fetch GET 200 https://registry.npmjs.org/tree-kill 83ms (cache miss)
67 silly packumentCache full:https://registry.npmjs.org/tree-kill set size:undefined disposed:false
68 http fetch GET 200 https://registry.npmjs.org/lodash.once 285ms (cache miss)
69 silly packumentCache full:https://registry.npmjs.org/lodash.once set size:undefined disposed:false
70 http fetch GET 200 https://registry.npmjs.org/lodash.isnumber 286ms (cache miss)
71 silly packumentCache full:https://registry.npmjs.org/lodash.isnumber set size:undefined disposed:false
72 http fetch GET 200 https://registry.npmjs.org/lodash.isstring 287ms (cache miss)
73 silly packumentCache full:https://registry.npmjs.org/lodash.isstring set size:undefined disposed:false
74 http fetch GET 200 https://registry.npmjs.org/lodash.isinteger 289ms (cache miss)
75 silly packumentCache full:https://registry.npmjs.org/lodash.isinteger set size:undefined disposed:false
76 http fetch GET 200 https://registry.npmjs.org/lodash.isplainobject 290ms (cache miss)
77 silly packumentCache full:https://registry.npmjs.org/lodash.isplainobject set size:undefined disposed:false
78 http fetch GET 200 https://registry.npmjs.org/shell-quote 298ms (cache miss)
79 silly packumentCache full:https://registry.npmjs.org/shell-quote set size:undefined disposed:false
80 http fetch GET 200 https://registry.npmjs.org/supports-color 303ms (cache miss)
81 silly packumentCache full:https://registry.npmjs.org/supports-color set size:undefined disposed:false
82 http fetch GET 200 https://registry.npmjs.org/jws 304ms (cache miss)
83 silly packumentCache full:https://registry.npmjs.org/jws set size:undefined disposed:false
84 http fetch GET 200 https://registry.npmjs.org/lodash.isboolean 309ms (cache miss)
85 silly packumentCache full:https://registry.npmjs.org/lodash.isboolean set size:undefined disposed:false
86 http fetch GET 200 https://registry.npmjs.org/lodash.includes 311ms (cache miss)
87 silly packumentCache full:https://registry.npmjs.org/lodash.includes set size:undefined disposed:false
88 silly placeDep ROOT shell-quote@1.8.4 OK for: concurrently@10.0.3 want: 1.8.4
89 silly placeDep ROOT supports-color@10.2.2 OK for: concurrently@10.0.3 want: 10.2.2
90 silly placeDep ROOT tree-kill@1.2.2 OK for: concurrently@10.0.3 want: 1.2.2
91 silly placeDep ROOT jws@4.0.1 OK for: jsonwebtoken@9.0.3 want: ^4.0.1
92 silly placeDep ROOT lodash.includes@4.3.0 OK for: jsonwebtoken@9.0.3 want: ^4.3.0
93 silly placeDep ROOT lodash.isboolean@3.0.3 OK for: jsonwebtoken@9.0.3 want: ^3.0.3
94 silly placeDep ROOT lodash.isinteger@4.0.4 OK for: jsonwebtoken@9.0.3 want: ^4.0.4
95 silly placeDep ROOT lodash.isnumber@3.0.3 OK for: jsonwebtoken@9.0.3 want: ^3.0.3
96 silly placeDep ROOT lodash.isplainobject@4.0.6 OK for: jsonwebtoken@9.0.3 want: ^4.0.6
97 silly placeDep ROOT lodash.isstring@4.0.1 OK for: jsonwebtoken@9.0.3 want: ^4.0.1
98 silly placeDep ROOT lodash.once@4.1.1 OK for: jsonwebtoken@9.0.3 want: ^4.0.0
99 silly fetch manifest jwa@^2.0.1
100 silly packumentCache full:https://registry.npmjs.org/jwa cache-miss
101 silly fetch manifest safe-buffer@^5.0.1
102 silly packumentCache full:https://registry.npmjs.org/safe-buffer cache-miss
103 http fetch GET 200 https://registry.npmjs.org/jwa 121ms (cache miss)
104 silly packumentCache full:https://registry.npmjs.org/jwa set size:undefined disposed:false
105 http fetch GET 200 https://registry.npmjs.org/safe-buffer 122ms (cache miss)
106 silly packumentCache full:https://registry.npmjs.org/safe-buffer set size:undefined disposed:false
107 silly placeDep ROOT jwa@2.0.1 OK for: jws@4.0.1 want: ^2.0.1
108 silly placeDep ROOT safe-buffer@5.2.1 OK for: jws@4.0.1 want: ^5.0.1
109 silly fetch manifest ecdsa-sig-formatter@1.0.11
110 silly packumentCache full:https://registry.npmjs.org/ecdsa-sig-formatter cache-miss
111 silly fetch manifest buffer-equal-constant-time@^1.0.1
112 silly packumentCache full:https://registry.npmjs.org/buffer-equal-constant-time cache-miss
113 http fetch GET 200 https://registry.npmjs.org/buffer-equal-constant-time 86ms (cache miss)
114 silly packumentCache full:https://registry.npmjs.org/buffer-equal-constant-time set size:undefined disposed:false
115 http fetch GET 200 https://registry.npmjs.org/ecdsa-sig-formatter 89ms (cache miss)
116 silly packumentCache full:https://registry.npmjs.org/ecdsa-sig-formatter set size:undefined disposed:false
117 silly placeDep ROOT buffer-equal-constant-time@1.0.1 OK for: jwa@2.0.1 want: ^1.0.1
118 silly placeDep ROOT ecdsa-sig-formatter@1.0.11 OK for: jwa@2.0.1 want: 1.0.11
119 silly reify moves {}
120 silly audit bulk request {
120 silly audit   '@algolia/abtesting': [ '1.18.0' ],
120 silly audit   '@algolia/client-abtesting': [ '5.52.0' ],
120 silly audit   '@algolia/client-analytics': [ '5.52.0' ],
120 silly audit   '@algolia/client-common': [ '5.52.0' ],
120 silly audit   '@algolia/client-insights': [ '5.52.0' ],
120 silly audit   '@algolia/client-personalization': [ '5.52.0' ],
120 silly audit   '@algolia/client-query-suggestions': [ '5.52.0' ],
120 silly audit   '@algolia/client-search': [ '5.52.0' ],
120 silly audit   '@algolia/ingestion': [ '1.52.0' ],
120 silly audit   '@algolia/monitoring': [ '1.52.0' ],
120 silly audit   '@algolia/recommend': [ '5.52.0' ],
120 silly audit   '@algolia/requester-browser-xhr': [ '5.52.0' ],
120 silly audit   '@algolia/requester-fetch': [ '5.52.0' ],
120 silly audit   '@algolia/requester-node-http': [ '5.52.0' ],
120 silly audit   '@alloc/quick-lru': [ '5.2.0' ],
120 silly audit   '@ampproject/remapping': [ '2.3.0' ],
120 silly audit   '@angular-devkit/architect': [ '0.2200.6' ],
120 silly audit   '@angular-devkit/core': [ '22.0.6' ],
120 silly audit   '@angular-devkit/schematics': [ '22.0.6' ],
120 silly audit   '@angular/build': [ '22.0.6' ],
120 silly audit   '@angular/cli': [ '22.0.6' ],
120 silly audit   '@angular/common': [ '22.0.6' ],
120 silly audit   '@angular/compiler': [ '22.0.6' ],
120 silly audit   '@angular/compiler-cli': [ '22.0.6' ],
120 silly audit   '@babel/core': [ '7.29.7', '7.29.0' ],
120 silly audit   'convert-source-map': [ '2.0.0', '1.9.0' ],
120 silly audit   semver: [ '6.3.1', '7.7.4' ],
120 silly audit   '@angular/core': [ '22.0.6' ],
120 silly audit   '@angular/forms': [ '22.0.6' ],
120 silly audit   '@angular/platform-browser': [ '22.0.6' ],
120 silly audit   '@angular/router': [ '22.0.6' ],
120 silly audit   '@babel/code-frame': [ '7.29.7' ],
120 silly audit   '@babel/compat-data': [ '7.29.7' ],
120 silly audit   '@babel/generator': [ '7.29.7' ],
120 silly audit   '@babel/helper-annotate-as-pure': [ '7.27.3' ],
120 silly audit   '@babel/helper-compilation-targets': [ '7.29.7' ],
120 silly audit   '@babel/helper-globals': [ '7.29.7' ],
120 silly audit   '@babel/helper-module-imports': [ '7.29.7' ],
120 silly audit   '@babel/helper-module-transforms': [ '7.29.7' ],
120 silly audit   '@babel/helper-split-export-declaration': [ '7.24.7' ],
120 silly audit   '@babel/helper-string-parser': [ '7.29.7' ],
120 silly audit   '@babel/helper-validator-identifier': [ '7.29.7' ],
120 silly audit   '@babel/helper-validator-option': [ '7.29.7' ],
120 silly audit   '@babel/helpers': [ '7.29.7' ],
120 silly audit   '@babel/parser': [ '7.29.7' ],
120 silly audit   '@babel/template': [ '7.29.7' ],
120 silly audit   '@babel/traverse': [ '7.29.7' ],
120 silly audit   '@babel/types': [ '7.29.7' ],
120 silly audit   '@esbuild/aix-ppc64': [ '0.28.1', '0.27.7' ],
120 silly audit   '@esbuild/android-arm': [ '0.28.1', '0.27.7' ],
120 silly audit   '@esbuild/android-arm64': [ '0.28.1', '0.27.7' ],
120 silly audit   '@esbuild/android-x64': [ '0.28.1', '0.27.7' ],
120 silly audit   '@esbuild/darwin-arm64': [ '0.28.1', '0.27.7' ],
120 silly audit   '@esbuild/darwin-x64': [ '0.28.1', '0.27.7' ],
120 silly audit   '@esbuild/freebsd-arm64': [ '0.28.1', '0.27.7' ],
120 silly audit   '@esbuild/freebsd-x64': [ '0.28.1', '0.27.7' ],
120 silly audit   '@esbuild/linux-arm': [ '0.28.1', '0.27.7' ],
120 silly audit   '@esbuild/linux-arm64': [ '0.28.1', '0.27.7' ],
120 silly audit   '@esbuild/linux-ia32': [ '0.28.1', '0.27.7' ],
120 silly audit   '@esbuild/linux-loong64': [ '0.28.1', '0.27.7' ],
120 silly audit   '@esbuild/linux-mips64el': [ '0.28.1', '0.27.7' ],
120 silly audit   '@esbuild/linux-ppc64': [ '0.28.1', '0.27.7' ],
120 silly audit   '@esbuild/linux-riscv64': [ '0.28.1', '0.27.7' ],
120 silly audit   '@esbuild/linux-s390x': [ '0.28.1', '0.27.7' ],
120 silly audit   '@esbuild/linux-x64': [ '0.28.1', '0.27.7' ],
120 silly audit   '@esbuild/netbsd-arm64': [ '0.28.1', '0.27.7' ],
120 silly audit   '@esbuild/netbsd-x64': [ '0.28.1', '0.27.7' ],
120 silly audit   '@esbuild/openbsd-arm64': [ '0.28.1', '0.27.7' ],
120 silly audit   '@esbuild/openbsd-x64': [ '0.28.1', '0.27.7' ],
120 silly audit   '@esbuild/openharmony-arm64': [ '0.28.1', '0.27.7' ],
120 silly audit   '@esbuild/sunos-x64': [ '0.28.1', '0.27.7' ],
120 silly audit   '@esbuild/win32-arm64': [ '0.28.1', '0.27.7' ],
120 silly audit   '@esbuild/win32-ia32': [ '0.28.1', '0.27.7' ],
120 silly audit   '@esbuild/win32-x64': [ '0.28.1', '0.27.7' ],
120 silly audit   '@gar/promise-retry': [ '1.0.3' ],
120 silly audit   '@harperfast/extended-iterable': [ '1.0.3' ],
120 silly audit   '@hono/node-server': [ '1.19.14' ],
120 silly audit   '@inquirer/ansi': [ '2.0.7' ],
120 silly audit   '@inquirer/checkbox': [ '5.2.1' ],
120 silly audit   '@inquirer/confirm': [ '6.0.12' ],
120 silly audit   '@inquirer/core': [ '11.2.1' ],
120 silly audit   '@inquirer/editor': [ '5.2.2' ],
120 silly audit   '@inquirer/expand': [ '5.1.1' ],
120 silly audit   '@inquirer/external-editor': [ '3.0.3' ],
120 silly audit   '@inquirer/figures': [ '2.0.7' ],
120 silly audit   '@inquirer/input': [ '5.1.2' ],
120 silly audit   '@inquirer/number': [ '4.1.1' ],
120 silly audit   '@inquirer/password': [ '5.1.1' ],
120 silly audit   '@inquirer/prompts': [ '8.4.2' ],
120 silly audit   '@inquirer/rawlist': [ '5.3.1' ],
120 silly audit   '@inquirer/search': [ '4.2.1' ],
120 silly audit   '@inquirer/select': [ '5.2.1' ],
120 silly audit   '@inquirer/type': [ '4.0.7' ],
120 silly audit   '@isaacs/fs-minipass': [ '4.0.1' ],
120 silly audit   '@jridgewell/gen-mapping': [ '0.3.13' ],
120 silly audit   '@jridgewell/remapping': [ '2.3.5' ],
120 silly audit   '@jridgewell/resolve-uri': [ '3.1.2' ],
120 silly audit   '@jridgewell/sourcemap-codec': [ '1.5.5' ],
120 silly audit   '@jridgewell/trace-mapping': [ '0.3.31' ],
120 silly audit   '@listr2/prompt-adapter-inquirer': [ '4.2.3' ],
120 silly audit   '@lmdb/lmdb-darwin-arm64': [ '3.5.4' ],
120 silly audit   '@lmdb/lmdb-darwin-x64': [ '3.5.4' ],
120 silly audit   '@lmdb/lmdb-linux-arm': [ '3.5.4' ],
120 silly audit   '@lmdb/lmdb-linux-arm64': [ '3.5.4' ],
120 silly audit   '@lmdb/lmdb-linux-x64': [ '3.5.4' ],
120 silly audit   '@lmdb/lmdb-win32-arm64': [ '3.5.4' ],
120 silly audit   '@lmdb/lmdb-win32-x64': [ '3.5.4' ],
120 silly audit   '@modelcontextprotocol/sdk': [ '1.29.0' ],
120 silly audit   '@msgpackr-extract/msgpackr-extract-darwin-arm64': [ '3.0.4' ],
120 silly audit   '@msgpackr-extract/msgpackr-extract-darwin-x64': [ '3.0.4' ],
120 silly audit   '@msgpackr-extract/msgpackr-extract-linux-arm': [ '3.0.4' ],
120 silly audit   '@msgpackr-extract/msgpackr-extract-linux-arm64': [ '3.0.4' ],
120 silly audit   '@msgpackr-extract/msgpackr-extract-linux-x64': [ '3.0.4' ],
120 silly audit   '@msgpackr-extract/msgpackr-extract-win32-x64': [ '3.0.4' ],
120 silly audit   '@napi-rs/nice': [ '1.1.1' ],
120 silly audit   '@napi-rs/nice-android-arm-eabi': [ '1.1.1' ],
120 silly audit   '@napi-rs/nice-android-arm64': [ '1.1.1' ],
120 silly audit   '@napi-rs/nice-darwin-arm64': [ '1.1.1' ],
120 silly audit   '@napi-rs/nice-darwin-x64': [ '1.1.1' ],
120 silly audit   '@napi-rs/nice-freebsd-x64': [ '1.1.1' ],
120 silly audit   '@napi-rs/nice-linux-arm-gnueabihf': [ '1.1.1' ],
120 silly audit   '@napi-rs/nice-linux-arm64-gnu': [ '1.1.1' ],
120 silly audit   '@napi-rs/nice-linux-arm64-musl': [ '1.1.1' ],
120 silly audit   '@napi-rs/nice-linux-ppc64-gnu': [ '1.1.1' ],
120 silly audit   '@napi-rs/nice-linux-riscv64-gnu': [ '1.1.1' ],
120 silly audit   '@napi-rs/nice-linux-s390x-gnu': [ '1.1.1' ],
120 silly audit   '@napi-rs/nice-linux-x64-gnu': [ '1.1.1' ],
120 silly audit   '@napi-rs/nice-linux-x64-musl': [ '1.1.1' ],
120 silly audit   '@napi-rs/nice-openharmony-arm64': [ '1.1.1' ],
120 silly audit   '@napi-rs/nice-win32-arm64-msvc': [ '1.1.1' ],
120 silly audit   '@napi-rs/nice-win32-ia32-msvc': [ '1.1.1' ],
120 silly audit   '@napi-rs/nice-win32-x64-msvc': [ '1.1.1' ],
120 silly audit   '@npmcli/agent': [ '4.0.2' ],
120 silly audit   'agent-base': [ '7.1.4', '9.0.0' ],
120 silly audit   'https-proxy-agent': [ '7.0.6', '9.0.0' ],
120 silly audit   'lru-cache': [ '11.5.2', '5.1.1' ],
120 silly audit   '@npmcli/fs': [ '5.0.0' ],
120 silly audit   '@npmcli/git': [ '7.0.2' ],
120 silly audit   isexe: [ '4.0.0', '2.0.0' ],
120 silly audit   which: [ '6.0.1', '2.0.2' ],
120 silly audit   '@npmcli/installed-package-contents': [ '4.0.0' ],
120 silly audit   '@npmcli/node-gyp': [ '5.0.0' ],
120 silly audit   '@npmcli/package-json': [ '7.0.5' ],
120 silly audit   '@npmcli/promise-spawn': [ '9.0.1' ],
120 silly audit   '@npmcli/redact': [ '4.0.0' ],
120 silly audit   '@npmcli/run-script': [ '10.0.4' ],
120 silly audit   '@parcel/watcher': [ '2.5.6' ],
120 silly audit   '@parcel/watcher-android-arm64': [ '2.5.6' ],
120 silly audit   '@parcel/watcher-darwin-arm64': [ '2.5.6' ],
120 silly audit   '@parcel/watcher-darwin-x64': [ '2.5.6' ],
120 silly audit   '@parcel/watcher-freebsd-x64': [ '2.5.6' ],
120 silly audit   '@parcel/watcher-linux-arm-glibc': [ '2.5.6' ],
120 silly audit   '@parcel/watcher-linux-arm-musl': [ '2.5.6' ],
120 silly audit   '@parcel/watcher-linux-arm64-glibc': [ '2.5.6' ],
120 silly audit   '@parcel/watcher-linux-arm64-musl': [ '2.5.6' ],
120 silly audit   '@parcel/watcher-linux-x64-glibc': [ '2.5.6' ],
120 silly audit   '@parcel/watcher-linux-x64-musl': [ '2.5.6' ],
120 silly audit   '@parcel/watcher-win32-arm64': [ '2.5.6' ],
120 silly audit   '@parcel/watcher-win32-ia32': [ '2.5.6' ],
120 silly audit   '@parcel/watcher-win32-x64': [ '2.5.6' ],
120 silly audit   'node-addon-api': [ '7.1.1', '6.1.0' ],
120 silly audit   '@rollup/rollup-android-arm-eabi': [ '4.60.2' ],
120 silly audit   '@rollup/rollup-android-arm64': [ '4.60.2' ],
120 silly audit   '@rollup/rollup-darwin-arm64': [ '4.60.2' ],
120 silly audit   '@rollup/rollup-darwin-x64': [ '4.60.2' ],
120 silly audit   '@rollup/rollup-freebsd-arm64': [ '4.60.2' ],
120 silly audit   '@rollup/rollup-freebsd-x64': [ '4.60.2' ],
120 silly audit   '@rollup/rollup-linux-arm-gnueabihf': [ '4.60.2' ],
120 silly audit   '@rollup/rollup-linux-arm-musleabihf': [ '4.60.2' ],
120 silly audit   '@rollup/rollup-linux-arm64-gnu': [ '4.60.2' ],
120 silly audit   '@rollup/rollup-linux-arm64-musl': [ '4.60.2' ],
120 silly audit   '@rollup/rollup-linux-loong64-gnu': [ '4.60.2' ],
120 silly audit   '@rollup/rollup-linux-loong64-musl': [ '4.60.2' ],
120 silly audit   '@rollup/rollup-linux-ppc64-gnu': [ '4.60.2' ],
120 silly audit   '@rollup/rollup-linux-ppc64-musl': [ '4.60.2' ],
120 silly audit   '@rollup/rollup-linux-riscv64-gnu': [ '4.60.2' ],
120 silly audit   '@rollup/rollup-linux-riscv64-musl': [ '4.60.2' ],
120 silly audit   '@rollup/rollup-linux-s390x-gnu': [ '4.60.2' ],
120 silly audit   '@rollup/rollup-linux-x64-gnu': [ '4.60.2' ],
120 silly audit   '@rollup/rollup-linux-x64-musl': [ '4.60.2' ],
120 silly audit   '@rollup/rollup-openbsd-x64': [ '4.60.2' ],
120 silly audit   '@rollup/rollup-openharmony-arm64': [ '4.60.2' ],
120 silly audit   '@rollup/rollup-win32-arm64-msvc': [ '4.60.2' ],
120 silly audit   '@rollup/rollup-win32-ia32-msvc': [ '4.60.2' ],
120 silly audit   '@rollup/rollup-win32-x64-gnu': [ '4.60.2' ],
120 silly audit   '@rollup/rollup-win32-x64-msvc': [ '4.60.2' ],
120 silly audit   '@schematics/angular': [ '22.0.6' ],
120 silly audit   '@sigstore/bundle': [ '4.0.0' ],
120 silly audit   '@sigstore/core': [ '3.2.1' ],
120 silly audit   '@sigstore/protobuf-specs': [ '0.5.1' ],
120 silly audit   '@sigstore/sign': [ '4.1.1' ],
120 silly audit   '@sigstore/tuf': [ '4.0.2' ],
120 silly audit   '@sigstore/verify': [ '3.1.1' ],
120 silly audit   '@standard-schema/spec': [ '1.1.0' ],
120 silly audit   '@tailwindcss/node': [ '4.3.2' ],
120 silly audit   '@tailwindcss/oxide': [ '4.3.2' ],
120 silly audit   '@tailwindcss/oxide-android-arm64': [ '4.3.2' ],
120 silly audit   '@tailwindcss/oxide-darwin-arm64': [ '4.3.2' ],
120 silly audit   '@tailwindcss/oxide-darwin-x64': [ '4.3.2' ],
120 silly audit   '@tailwindcss/oxide-freebsd-x64': [ '4.3.2' ],
120 silly audit   '@tailwindcss/oxide-linux-arm-gnueabihf': [ '4.3.2' ],
120 silly audit   '@tailwindcss/oxide-linux-arm64-gnu': [ '4.3.2' ],
120 silly audit   '@tailwindcss/oxide-linux-arm64-musl': [ '4.3.2' ],
120 silly audit   '@tailwindcss/oxide-linux-x64-gnu': [ '4.3.2' ],
120 silly audit   '@tailwindcss/oxide-linux-x64-musl': [ '4.3.2' ],
120 silly audit   '@tailwindcss/oxide-wasm32-wasi': [ '4.3.2' ],
120 silly audit   '@tailwindcss/oxide-win32-arm64-msvc': [ '4.3.2' ],
120 silly audit   '@tailwindcss/oxide-win32-x64-msvc': [ '4.3.2' ],
120 silly audit   '@tailwindcss/postcss': [ '4.3.2' ],
120 silly audit   '@tufjs/canonical-json': [ '2.0.0' ],
120 silly audit   '@tufjs/models': [ '4.1.0' ],
120 silly audit   '@types/estree': [ '1.0.8' ],
120 silly audit   '@vitejs/plugin-basic-ssl': [ '2.3.0' ],
120 silly audit   '@yarnpkg/lockfile': [ '1.1.0' ],
120 silly audit   abbrev: [ '4.0.0' ],
120 silly audit   accepts: [ '2.0.0' ],
120 silly audit   ajv: [ '8.20.0' ],
120 silly audit   'ajv-formats': [ '3.0.1' ],
120 silly audit   algoliasearch: [ '5.52.0' ],
120 silly audit   'ansi-escapes': [ '7.3.0' ],
120 silly audit   'ansi-regex': [ '6.2.2' ],
120 silly audit   'ansi-styles': [ '6.2.3' ],
120 silly audit   'balanced-match': [ '4.0.4' ],
120 silly audit   'baseline-browser-mapping': [ '2.10.42' ],
120 silly audit   beasties: [ '0.4.2' ],
120 silly audit   'body-parser': [ '2.3.0' ],
120 silly audit   'content-type': [ '2.0.0', '1.0.5' ],
120 silly audit   boolbase: [ '1.0.0' ],
120 silly audit   'brace-expansion': [ '5.0.7' ],
120 silly audit   browserslist: [ '4.28.5' ],
120 silly audit   'buffer-from': [ '1.1.2' ],
120 silly audit   bytes: [ '3.1.2' ],
120 silly audit   cacache: [ '20.0.4' ],
120 silly audit   'call-bind-apply-helpers': [ '1.0.2' ],
120 silly audit   'call-bound': [ '1.0.4' ],
120 silly audit   'caniuse-lite': [ '1.0.30001803' ],
120 silly audit   chalk: [ '5.6.2' ],
120 silly audit   chardet: [ '2.2.0' ],
120 silly audit   chokidar: [ '5.0.0', '4.0.3' ],
120 silly audit   chownr: [ '3.0.0' ],
120 silly audit   'cli-cursor': [ '5.0.0' ],
120 silly audit   'cli-spinners': [ '3.4.0' ],
120 silly audit   'cli-truncate': [ '5.2.0' ],
120 silly audit   'cli-width': [ '4.1.0' ],
120 silly audit   cliui: [ '9.0.1' ],
120 silly audit   'string-width': [ '7.2.0', '8.2.2' ],
120 silly audit   'wrap-ansi': [ '9.0.2', '10.0.0' ],
120 silly audit   'content-disposition': [ '1.1.0' ],
120 silly audit   cookie: [ '0.7.2' ],
120 silly audit   'cookie-signature': [ '1.2.2' ],
120 silly audit   'cross-spawn': [ '7.0.6' ],
120 silly audit   'css-select': [ '6.0.0' ],
120 silly audit   'css-what': [ '7.0.0' ],
120 silly audit   debug: [ '4.4.3' ],
120 silly audit   depd: [ '2.0.0' ],
120 silly audit   'detect-libc': [ '2.1.2' ],
120 silly audit   'dom-serializer': [ '2.0.0' ],
120 silly audit   domelementtype: [ '2.3.0' ],
120 silly audit   domhandler: [ '5.0.3' ],
120 silly audit   domutils: [ '3.2.2' ],
120 silly audit   'dunder-proto': [ '1.0.1' ],
120 silly audit   'ee-first': [ '1.1.1' ],
120 silly audit   'electron-to-chromium': [ '1.5.389' ],
120 silly audit   'emoji-regex': [ '10.6.0' ],
120 silly audit   encodeurl: [ '2.0.0' ],
120 silly audit   'enhanced-resolve': [ '5.21.6' ],
120 silly audit   entities: [ '4.5.0', '7.0.1', '8.0.0' ],
120 silly audit   'env-paths': [ '2.2.1' ],
120 silly audit   environment: [ '1.1.0' ],
120 silly audit   'es-define-property': [ '1.0.1' ],
120 silly audit   'es-errors': [ '1.3.0' ],
120 silly audit   'es-object-atoms': [ '1.1.2' ],
120 silly audit   esbuild: [ '0.28.1', '0.27.7' ],
120 silly audit   escalade: [ '3.2.0' ],
120 silly audit   'escape-html': [ '1.0.3' ],
120 silly audit   etag: [ '1.8.1' ],
120 silly audit   eventemitter3: [ '5.0.4' ],
120 silly audit   eventsource: [ '3.0.7' ],
120 silly audit   'eventsource-parser': [ '3.1.0' ],
120 silly audit   'exponential-backoff': [ '3.1.3' ],
120 silly audit   'express-rate-limit': [ '8.5.2' ],
120 silly audit   'fast-deep-equal': [ '3.1.3' ],
120 silly audit   'fast-string-truncated-width': [ '3.0.3' ],
120 silly audit   'fast-string-width': [ '3.0.2' ],
120 silly audit   'fast-uri': [ '3.1.3' ],
120 silly audit   'fast-wrap-ansi': [ '0.2.2' ],
120 silly audit   fdir: [ '6.5.0' ],
120 silly audit   finalhandler: [ '2.1.1' ],
120 silly audit   forwarded: [ '0.2.0' ],
120 silly audit   fresh: [ '2.0.0' ],
120 silly audit   'fs-minipass': [ '3.0.3' ],
120 silly audit   fsevents: [ '2.3.3' ],
120 silly audit   'function-bind': [ '1.1.2' ],
120 silly audit   gensync: [ '1.0.0-beta.2' ],
120 silly audit   'get-caller-file': [ '2.0.5' ],
120 silly audit   'get-east-asian-width': [ '1.6.0' ],
120 silly audit   'get-intrinsic': [ '1.3.0' ],
120 silly audit   'get-proto': [ '1.0.1' ],
120 silly audit   glob: [ '13.0.6' ],
120 silly audit   'glob-to-regexp': [ '0.4.1' ],
120 silly audit   gopd: [ '1.2.0' ],
120 silly audit   'graceful-fs': [ '4.2.11' ],
120 silly audit   'has-symbols': [ '1.1.0' ],
120 silly audit   hasown: [ '2.0.4' ],
120 silly audit   hono: [ '4.12.29' ],
120 silly audit   'hosted-git-info': [ '9.0.3' ],
120 silly audit   htmlparser2: [ '10.1.0' ],
120 silly audit   'http-cache-semantics': [ '4.2.0' ],
120 silly audit   'http-errors': [ '2.0.1' ],
120 silly audit   'http-proxy-agent': [ '7.0.2' ],
120 silly audit   'iconv-lite': [ '0.7.3' ],
120 silly audit   'ignore-walk': [ '8.0.0' ],
120 silly audit   immutable: [ '5.1.9' ],
120 silly audit   inherits: [ '2.0.4' ],
120 silly audit   ini: [ '6.0.0' ],
120 silly audit   'ip-address': [ '10.2.0' ],
120 silly audit   'ipaddr.js': [ '1.9.1' ],
120 silly audit   'is-extglob': [ '2.1.1' ],
120 silly audit   'is-fullwidth-code-point': [ '5.1.0' ],
120 silly audit   'is-glob': [ '4.0.3' ],
120 silly audit   'is-interactive': [ '2.0.0' ],
120 silly audit   'is-promise': [ '4.0.0' ],
120 silly audit   'is-unicode-supported': [ '2.1.0' ],
120 silly audit   jiti: [ '2.7.0' ],
120 silly audit   jose: [ '6.2.3' ],
120 silly audit   'js-tokens': [ '4.0.0' ],
120 silly audit   jsesc: [ '3.1.0' ],
120 silly audit   'json-parse-even-better-errors': [ '5.0.0' ],
120 silly audit   'json-schema-traverse': [ '1.0.0' ],
120 silly audit   'json-schema-typed': [ '8.0.2' ],
120 silly audit   json5: [ '2.2.3' ],
120 silly audit   'jsonc-parser': [ '3.3.1' ],
120 silly audit   jsonparse: [ '1.3.1' ],
120 silly audit   lightningcss: [ '1.32.0' ],
120 silly audit   'lightningcss-android-arm64': [ '1.32.0' ],
120 silly audit   'lightningcss-darwin-arm64': [ '1.32.0' ],
120 silly audit   'lightningcss-darwin-x64': [ '1.32.0' ],
120 silly audit   'lightningcss-freebsd-x64': [ '1.32.0' ],
120 silly audit   'lightningcss-linux-arm-gnueabihf': [ '1.32.0' ],
120 silly audit   'lightningcss-linux-arm64-gnu': [ '1.32.0' ],
120 silly audit   'lightningcss-linux-arm64-musl': [ '1.32.0' ],
120 silly audit   'lightningcss-linux-x64-gnu': [ '1.32.0' ],
120 silly audit   'lightningcss-linux-x64-musl': [ '1.32.0' ],
120 silly audit   'lightningcss-win32-arm64-msvc': [ '1.32.0' ],
120 silly audit   'lightningcss-win32-x64-msvc': [ '1.32.0' ],
120 silly audit   listr2: [ '10.2.1' ],
120 silly audit   lmdb: [ '3.5.4' ],
120 silly audit   'log-symbols': [ '7.0.1' ],
120 silly audit   'log-update': [ '6.1.0' ],
120 silly audit   'slice-ansi': [ '7.1.2', '8.0.0' ],
120 silly audit   'magic-string': [ '0.30.21' ],
120 silly audit   'make-fetch-happen': [ '15.0.6' ],
120 silly audit   'math-intrinsics': [ '1.1.0' ],
120 silly audit   'media-typer': [ '1.1.0' ],
120 silly audit   'merge-descriptors': [ '2.0.0' ],
120 silly audit   'mime-db': [ '1.54.0' ],
120 silly audit   'mime-types': [ '3.0.2' ],
120 silly audit   'mimic-function': [ '5.0.1' ],
120 silly audit   minimatch: [ '10.2.5' ],
120 silly audit   minipass: [ '7.1.3', '3.3.6' ],
120 silly audit   'minipass-collect': [ '2.0.1' ],
120 silly audit   'minipass-fetch': [ '5.0.2' ],
120 silly audit   'minipass-flush': [ '1.0.7' ],
120 silly audit   yallist: [ '4.0.0', '5.0.0', '3.1.1' ],
120 silly audit   'minipass-pipeline': [ '1.2.4' ],
120 silly audit   'minipass-sized': [ '2.0.0' ],
120 silly audit   minizlib: [ '3.1.0' ],
120 silly audit   mrmime: [ '2.0.1' ],
120 silly audit   ms: [ '2.1.3' ],
120 silly audit   msgpackr: [ '1.12.1' ],
120 silly audit   'msgpackr-extract': [ '3.0.4' ],
120 silly audit   'mute-stream': [ '3.0.0' ],
120 silly audit   nanoid: [ '3.3.15' ],
120 silly audit   negotiator: [ '1.0.0' ],
120 silly audit   'node-gyp': [ '12.4.0' ],
120 silly audit   'node-gyp-build-optional-packages': [ '5.2.2' ],
120 silly audit   'node-releases': [ '2.0.51' ],
120 silly audit   nopt: [ '9.0.0' ],
120 silly audit   'npm-bundled': [ '5.0.0' ],
120 silly audit   'npm-install-checks': [ '8.0.0' ],
120 silly audit   'npm-normalize-package-bin': [ '5.0.0' ],
120 silly audit   'npm-package-arg': [ '13.0.2' ],
120 silly audit   'npm-packlist': [ '10.0.4' ],
120 silly audit   'npm-pick-manifest': [ '11.0.3' ],
120 silly audit   'npm-registry-fetch': [ '19.1.1' ],
120 silly audit   'nth-check': [ '2.1.1' ],
120 silly audit   'object-assign': [ '4.1.1' ],
120 silly audit   'object-inspect': [ '1.13.4' ],
120 silly audit   'on-finished': [ '2.4.1' ],
120 silly audit   once: [ '1.4.0' ],
120 silly audit   onetime: [ '7.0.0' ],
120 silly audit   ora: [ '9.4.0' ],
120 silly audit   'ordered-binary': [ '1.6.1' ],
120 silly audit   'p-map': [ '7.0.5' ],
120 silly audit   pacote: [ '21.5.1' ],
120 silly audit   parse5: [ '8.0.1' ],
120 silly audit   'parse5-html-rewriting-stream': [ '8.0.1' ],
120 silly audit   'parse5-sax-parser': [ '8.0.0' ],
120 silly audit   parseurl: [ '1.3.3' ],
120 silly audit   'path-key': [ '3.1.1' ],
120 silly audit   'path-scurry': [ '2.0.2' ],
120 silly audit   'path-to-regexp': [ '8.4.2' ],
120 silly audit   picocolors: [ '1.1.1' ],
120 silly audit   picomatch: [ '4.0.4' ],
120 silly audit   piscina: [ '5.2.0' ],
120 silly audit   'pkce-challenge': [ '5.0.1' ],
120 silly audit   postcss: [ '8.5.16' ],
120 silly audit   'postcss-media-query-parser': [ '0.2.3' ],
120 silly audit   'postcss-safe-parser': [ '7.0.1' ],
120 silly audit   prettier: [ '3.9.5' ],
120 silly audit   'proc-log': [ '6.1.0' ],
120 silly audit   'proxy-addr': [ '2.0.7' ],
120 silly audit   qs: [ '6.15.3' ],
120 silly audit   'range-parser': [ '1.3.0' ],
120 silly audit   'raw-body': [ '3.0.2' ],
120 silly audit   readdirp: [ '5.0.0', '4.1.2' ],
120 silly audit   'reflect-metadata': [ '0.2.2' ],
120 silly audit   'require-from-string': [ '2.0.2' ],
120 silly audit   'restore-cursor': [ '5.1.0' ],
120 silly audit   rfdc: [ '1.4.1' ],
120 silly audit   rollup: [ '4.60.2' ],
120 silly audit   router: [ '2.2.0' ],
120 silly audit   rxjs: [ '7.8.2' ],
120 silly audit   'safer-buffer': [ '2.1.2' ],
120 silly audit   sass: [ '1.99.0' ],
120 silly audit   send: [ '1.2.1' ],
120 silly audit   'serve-static': [ '2.2.1' ],
120 silly audit   setprototypeof: [ '1.2.0' ],
120 silly audit   'shebang-command': [ '2.0.0' ],
120 silly audit   'shebang-regex': [ '3.0.0' ],
120 silly audit   'side-channel': [ '1.1.1' ],
120 silly audit   'side-channel-list': [ '1.0.1' ],
120 silly audit   'side-channel-map': [ '1.0.1' ],
120 silly audit   'side-channel-weakmap': [ '1.0.2' ],
120 silly audit   'signal-exit': [ '4.1.0' ],
120 silly audit   sigstore: [ '4.1.1' ],
120 silly audit   'smart-buffer': [ '4.2.0' ],
120 silly audit   socks: [ '2.8.9' ],
120 silly audit   'socks-proxy-agent': [ '8.0.5' ],
120 silly audit   'source-map': [ '0.7.6', '0.6.1' ],
120 silly audit   'source-map-js': [ '1.2.1' ],
120 silly audit   'source-map-support': [ '0.5.21' ],
120 silly audit   'spdx-exceptions': [ '2.5.0' ],
120 silly audit   'spdx-expression-parse': [ '4.0.0' ],
120 silly audit   'spdx-license-ids': [ '3.0.23' ],
120 silly audit   ssri: [ '13.0.1' ],
120 silly audit   statuses: [ '2.0.2' ],
120 silly audit   'stdin-discarder': [ '0.3.2' ],
120 silly audit   'strip-ansi': [ '7.2.0' ],
120 silly audit   tailwindcss: [ '4.3.2' ],
120 silly audit   tapable: [ '2.3.3' ],
120 silly audit   tar: [ '7.5.19' ],
120 silly audit   tinyglobby: [ '0.2.16' ],
120 silly audit   toidentifier: [ '1.0.1' ],
120 silly audit   tslib: [ '2.8.1' ],
120 silly audit   'tuf-js': [ '4.1.0' ],
120 silly audit   'type-is': [ '2.1.0' ],
120 silly audit   typescript: [ '6.0.3' ],
120 silly audit   undici: [ '6.27.0' ],
120 silly audit   unpipe: [ '1.0.0' ],
120 silly audit   'update-browserslist-db': [ '1.2.3' ],
120 silly audit   'validate-npm-package-name': [ '7.0.2' ],
120 silly audit   vary: [ '1.1.2' ],
120 silly audit   vite: [ '7.3.5' ],
120 silly audit   watchpack: [ '2.5.1' ],
120 silly audit   'weak-lru-cache': [ '1.2.2' ],
120 silly audit   wrappy: [ '1.0.2' ],
120 silly audit   y18n: [ '5.0.8' ],
120 silly audit   yargs: [ '18.0.0' ],
120 silly audit   'yargs-parser': [ '22.0.0' ],
120 silly audit   yoctocolors: [ '2.1.2' ],
120 silly audit   zod: [ '4.4.2' ],
120 silly audit   'zod-to-json-schema': [ '3.25.2' ],
120 silly audit   bcryptjs: [ '3.0.3' ],
120 silly audit   concurrently: [ '10.0.3' ],
120 silly audit   cors: [ '2.8.6' ],
120 silly audit   dotenv: [ '17.4.2' ],
120 silly audit   express: [ '5.2.1' ],
120 silly audit   jsonwebtoken: [ '9.0.3' ],
120 silly audit   'shell-quote': [ '1.8.4' ],
120 silly audit   'supports-color': [ '10.2.2' ],
120 silly audit   'tree-kill': [ '1.2.2' ],
120 silly audit   jws: [ '4.0.1' ],
120 silly audit   'lodash.includes': [ '4.3.0' ],
120 silly audit   'lodash.isboolean': [ '3.0.3' ],
120 silly audit   'lodash.isinteger': [ '4.0.4' ],
120 silly audit   'lodash.isnumber': [ '3.0.3' ],
120 silly audit   'lodash.isplainobject': [ '4.0.6' ],
120 silly audit   'lodash.isstring': [ '4.0.1' ],
120 silly audit   'lodash.once': [ '4.1.1' ],
120 silly audit   jwa: [ '2.0.1' ],
120 silly audit   'safe-buffer': [ '5.2.1' ],
120 silly audit   'buffer-equal-constant-time': [ '1.0.1' ],
120 silly audit   'ecdsa-sig-formatter': [ '1.0.11' ]
120 silly audit }
121 http cache ecdsa-sig-formatter@https://registry.npmjs.org/ecdsa-sig-formatter/-/ecdsa-sig-formatter-1.0.11.tgz 0ms (cache hit)
122 http cache jwa@https://registry.npmjs.org/jwa/-/jwa-2.0.1.tgz 0ms (cache hit)
123 http cache safe-buffer@https://registry.npmjs.org/safe-buffer/-/safe-buffer-5.2.1.tgz 0ms (cache hit)
124 http cache lodash.once@https://registry.npmjs.org/lodash.once/-/lodash.once-4.1.1.tgz 0ms (cache hit)
125 http cache buffer-equal-constant-time@https://registry.npmjs.org/buffer-equal-constant-time/-/buffer-equal-constant-time-1.0.1.tgz 1ms (cache hit)
126 http cache lodash.isstring@https://registry.npmjs.org/lodash.isstring/-/lodash.isstring-4.0.1.tgz 0ms (cache hit)
127 http cache lodash.isplainobject@https://registry.npmjs.org/lodash.isplainobject/-/lodash.isplainobject-4.0.6.tgz 0ms (cache hit)
128 http cache lodash.includes@https://registry.npmjs.org/lodash.includes/-/lodash.includes-4.3.0.tgz 0ms (cache hit)
129 http cache lodash.isboolean@https://registry.npmjs.org/lodash.isboolean/-/lodash.isboolean-3.0.3.tgz 0ms (cache hit)
130 http cache lodash.isinteger@https://registry.npmjs.org/lodash.isinteger/-/lodash.isinteger-4.0.4.tgz 0ms (cache hit)
131 http cache jws@https://registry.npmjs.org/jws/-/jws-4.0.1.tgz 0ms (cache hit)
132 http cache lodash.isnumber@https://registry.npmjs.org/lodash.isnumber/-/lodash.isnumber-3.0.3.tgz 0ms (cache hit)
133 http cache tree-kill@https://registry.npmjs.org/tree-kill/-/tree-kill-1.2.2.tgz 0ms (cache hit)
134 http cache jsonwebtoken@https://registry.npmjs.org/jsonwebtoken/-/jsonwebtoken-9.0.3.tgz 0ms (cache hit)
135 http cache supports-color@https://registry.npmjs.org/supports-color/-/supports-color-10.2.2.tgz 0ms (cache hit)
136 http cache dotenv@https://registry.npmjs.org/dotenv/-/dotenv-17.4.2.tgz 0ms (cache hit)
137 http cache shell-quote@https://registry.npmjs.org/shell-quote/-/shell-quote-1.8.4.tgz 0ms (cache hit)
138 http cache bcryptjs@https://registry.npmjs.org/bcryptjs/-/bcryptjs-3.0.3.tgz 0ms (cache hit)
139 silly tarball no local data for ecdsa-sig-formatter@https://registry.npmjs.org/ecdsa-sig-formatter/-/ecdsa-sig-formatter-1.0.11.tgz. Extracting by manifest.
140 silly tarball no local data for jwa@https://registry.npmjs.org/jwa/-/jwa-2.0.1.tgz. Extracting by manifest.
141 silly tarball no local data for safe-buffer@https://registry.npmjs.org/safe-buffer/-/safe-buffer-5.2.1.tgz. Extracting by manifest.
142 silly tarball no local data for lodash.once@https://registry.npmjs.org/lodash.once/-/lodash.once-4.1.1.tgz. Extracting by manifest.
143 http cache concurrently@https://registry.npmjs.org/concurrently/-/concurrently-10.0.3.tgz 0ms (cache hit)
144 silly tarball no local data for buffer-equal-constant-time@https://registry.npmjs.org/buffer-equal-constant-time/-/buffer-equal-constant-time-1.0.1.tgz. Extracting by manifest.
145 silly tarball no local data for lodash.isstring@https://registry.npmjs.org/lodash.isstring/-/lodash.isstring-4.0.1.tgz. Extracting by manifest.
146 silly tarball no local data for lodash.isplainobject@https://registry.npmjs.org/lodash.isplainobject/-/lodash.isplainobject-4.0.6.tgz. Extracting by manifest.
147 silly tarball no local data for lodash.includes@https://registry.npmjs.org/lodash.includes/-/lodash.includes-4.3.0.tgz. Extracting by manifest.
148 silly tarball no local data for lodash.isboolean@https://registry.npmjs.org/lodash.isboolean/-/lodash.isboolean-3.0.3.tgz. Extracting by manifest.
149 silly tarball no local data for lodash.isinteger@https://registry.npmjs.org/lodash.isinteger/-/lodash.isinteger-4.0.4.tgz. Extracting by manifest.
150 silly tarball no local data for jws@https://registry.npmjs.org/jws/-/jws-4.0.1.tgz. Extracting by manifest.
151 silly tarball no local data for lodash.isnumber@https://registry.npmjs.org/lodash.isnumber/-/lodash.isnumber-3.0.3.tgz. Extracting by manifest.
152 silly tarball no local data for tree-kill@https://registry.npmjs.org/tree-kill/-/tree-kill-1.2.2.tgz. Extracting by manifest.
153 silly tarball no local data for jsonwebtoken@https://registry.npmjs.org/jsonwebtoken/-/jsonwebtoken-9.0.3.tgz. Extracting by manifest.
154 silly tarball no local data for supports-color@https://registry.npmjs.org/supports-color/-/supports-color-10.2.2.tgz. Extracting by manifest.
155 silly tarball no local data for dotenv@https://registry.npmjs.org/dotenv/-/dotenv-17.4.2.tgz. Extracting by manifest.
156 silly tarball no local data for shell-quote@https://registry.npmjs.org/shell-quote/-/shell-quote-1.8.4.tgz. Extracting by manifest.
157 silly tarball no local data for bcryptjs@https://registry.npmjs.org/bcryptjs/-/bcryptjs-3.0.3.tgz. Extracting by manifest.
158 silly tarball no local data for concurrently@https://registry.npmjs.org/concurrently/-/concurrently-10.0.3.tgz. Extracting by manifest.
159 http fetch POST 200 https://registry.npmjs.org/-/npm/v1/security/advisories/bulk 116ms
160 silly audit report {
160 silly audit report   '@babel/core': [
160 silly audit report     {
160 silly audit report       id: 1120793,
160 silly audit report       url: 'https://github.com/advisories/GHSA-4x5r-pxfx-6jf8',
160 silly audit report       title: '@babel/core: Arbitrary File Read via sourceMappingURL Comment',
160 silly audit report       severity: 'low',
160 silly audit report       vulnerable_versions: '<=7.29.0',
160 silly audit report       cwe: [Array],
160 silly audit report       cvss: [Object]
160 silly audit report     }
160 silly audit report   ],
160 silly audit report   esbuild: [
160 silly audit report     {
160 silly audit report       id: 1120680,
160 silly audit report       url: 'https://github.com/advisories/GHSA-g7r4-m6w7-qqqr',
160 silly audit report       title: 'esbuild allows arbitrary file read when running the development server on Windows',
160 silly audit report       severity: 'low',
160 silly audit report       vulnerable_versions: '>=0.27.3 <0.28.1',
160 silly audit report       cwe: [Array],
160 silly audit report       cvss: [Object]
160 silly audit report     }
160 silly audit report   ]
160 silly audit report }
161 silly packumentCache corgi:https://registry.npmjs.org/@babel%2fcore cache-miss
162 silly packumentCache corgi:https://registry.npmjs.org/esbuild cache-miss
163 http fetch GET 200 https://registry.npmjs.org/lodash.isboolean/-/lodash.isboolean-3.0.3.tgz 143ms (cache miss)
164 http fetch GET 200 https://registry.npmjs.org/lodash.isstring/-/lodash.isstring-4.0.1.tgz 145ms (cache miss)
165 http fetch GET 200 https://registry.npmjs.org/lodash.isinteger/-/lodash.isinteger-4.0.4.tgz 144ms (cache miss)
166 http fetch GET 200 https://registry.npmjs.org/lodash.once/-/lodash.once-4.1.1.tgz 155ms (cache miss)
167 http fetch GET 200 https://registry.npmjs.org/lodash.isplainobject/-/lodash.isplainobject-4.0.6.tgz 153ms (cache miss)
168 http fetch GET 200 https://registry.npmjs.org/jwa/-/jwa-2.0.1.tgz 176ms (cache miss)
169 http fetch GET 200 https://registry.npmjs.org/buffer-equal-constant-time/-/buffer-equal-constant-time-1.0.1.tgz 181ms (cache miss)
170 http fetch GET 200 https://registry.npmjs.org/lodash.includes/-/lodash.includes-4.3.0.tgz 185ms (cache miss)
171 http fetch GET 200 https://registry.npmjs.org/ecdsa-sig-formatter/-/ecdsa-sig-formatter-1.0.11.tgz 192ms (cache miss)
172 http fetch GET 200 https://registry.npmjs.org/safe-buffer/-/safe-buffer-5.2.1.tgz 193ms (cache miss)
173 http fetch GET 200 https://registry.npmjs.org/supports-color/-/supports-color-10.2.2.tgz 199ms (cache miss)
174 http fetch GET 200 https://registry.npmjs.org/shell-quote/-/shell-quote-1.8.4.tgz 231ms (cache miss)
175 http fetch GET 200 https://registry.npmjs.org/bcryptjs/-/bcryptjs-3.0.3.tgz 233ms (cache miss)
176 http fetch GET 200 https://registry.npmjs.org/dotenv/-/dotenv-17.4.2.tgz 239ms (cache miss)
177 http fetch GET 200 https://registry.npmjs.org/tree-kill/-/tree-kill-1.2.2.tgz 250ms (cache miss)
178 http fetch GET 200 https://registry.npmjs.org/@babel%2fcore 167ms (cache miss)
179 silly packumentCache corgi:https://registry.npmjs.org/@babel%2fcore set size:undefined disposed:false
180 http fetch GET 200 https://registry.npmjs.org/lodash.isnumber/-/lodash.isnumber-3.0.3.tgz 272ms (cache miss)
181 http fetch GET 200 https://registry.npmjs.org/jws/-/jws-4.0.1.tgz 283ms (cache miss)
182 http fetch GET 200 https://registry.npmjs.org/jsonwebtoken/-/jsonwebtoken-9.0.3.tgz 293ms (cache miss)
183 http fetch GET 200 https://registry.npmjs.org/concurrently/-/concurrently-10.0.3.tgz 391ms (cache miss)
184 http fetch GET 200 https://registry.npmjs.org/esbuild 319ms (cache miss)
185 silly packumentCache corgi:https://registry.npmjs.org/esbuild set size:undefined disposed:false
186 silly packumentCache corgi:https://registry.npmjs.org/@angular%2fbuild cache-miss
187 silly packumentCache corgi:https://registry.npmjs.org/@babel%2fhelper-module-transforms cache-miss
188 http fetch GET 200 https://registry.npmjs.org/@babel%2fhelper-module-transforms 104ms (cache miss)
189 silly packumentCache corgi:https://registry.npmjs.org/@babel%2fhelper-module-transforms set size:undefined disposed:false
190 http fetch GET 200 https://registry.npmjs.org/@angular%2fbuild 207ms (cache miss)
191 silly packumentCache corgi:https://registry.npmjs.org/@angular%2fbuild set size:undefined disposed:false
192 silly packumentCache corgi:https://registry.npmjs.org/vite cache-miss
193 http fetch GET 200 https://registry.npmjs.org/vite 193ms (cache miss)
194 silly packumentCache corgi:https://registry.npmjs.org/vite set size:undefined disposed:false
195 silly ADD node_modules/ecdsa-sig-formatter
196 silly ADD node_modules/buffer-equal-constant-time
197 silly ADD node_modules/safe-buffer
198 silly ADD node_modules/jwa
199 silly ADD node_modules/lodash.once
200 silly ADD node_modules/lodash.isstring
201 silly ADD node_modules/lodash.isplainobject
202 silly ADD node_modules/lodash.isnumber
203 silly ADD node_modules/lodash.isinteger
204 silly ADD node_modules/lodash.isboolean
205 silly ADD node_modules/lodash.includes
206 silly ADD node_modules/jws
207 silly ADD node_modules/tree-kill
208 silly ADD node_modules/supports-color
209 silly ADD node_modules/shell-quote
210 silly ADD node_modules/jsonwebtoken
211 silly ADD node_modules/dotenv
212 silly ADD node_modules/concurrently
213 silly ADD node_modules/bcryptjs
214 warn allow-scripts 5 packages have install scripts not yet covered by allowScripts:
214 warn allow-scripts   @parcel/watcher@2.5.6 (install: node-gyp rebuild)
214 warn allow-scripts   esbuild@0.28.1 (postinstall: node install.js)
214 warn allow-scripts   lmdb@3.5.4 (install: node-gyp rebuild)
214 warn allow-scripts   msgpackr-extract@3.0.4 (install: node-gyp rebuild)
214 warn allow-scripts   esbuild@0.27.7 (postinstall: node install.js)
214 warn allow-scripts
214 warn allow-scripts Run `npm approve-scripts --allow-scripts-pending` to review, or `npm approve-scripts <pkg>` to allow.
215 verbose cwd C:\Users\Yisus\Desktop\FACTURACION CLIENTES SISTEMA P1
216 verbose os Windows_NT 10.0.26200
217 verbose node v26.3.0
218 verbose npm  v11.17.0
219 verbose exit 0
220 info ok
